16:25:26 **** Auto Build of configuration Debug for project addSubtractFull ****
make pre-build main-build 
a9-linaro-pre-build-step
 
Building file: ../src/addSubtractFull.c
Invoking: ARM v7 gcc compiler
arm-none-eabi-gcc -Wall -O0 -g3 -c -fmessage-length=0 -MT"src/addSubtractFull.o" -mcpu=cortex-a9 -mfpu=vfpv3 -mfloat-abi=hard -I../../Lab_1_bsp/ps7_cortexa9_0/include -MMD -MP -MF"src/addSubtractFull.d" -MT"src/addSubtractFull.o" -o "src/addSubtractFull.o" "../src/addSubtractFull.c"
Finished building: ../src/addSubtractFull.c
 
Building target: addSubtractFull.elf
Invoking: ARM v7 gcc linker
arm-none-eabi-gcc -mcpu=cortex-a9 -mfpu=vfpv3 -mfloat-abi=hard -Wl,-build-id=none -specs=Xilinx.spec -Wl,-T -Wl,../src/lscript.ld -L../../Lab_1_bsp/ps7_cortexa9_0/lib -o "addSubtractFull.elf" ./src/addSubtractFull.o   -Wl,--start-group,-lxil,-lgcc,-lc,--end-group
Finished building target: addSubtractFull.elf
 
Invoking: ARM v7 Print Size
arm-none-eabi-size addSubtractFull.elf  |tee "addSubtractFull.elf.size"
   text	   data	    bss	    dec	    hex	filename
  70628	   2580	  23328	  96536	  17918	addSubtractFull.elf
Finished building: addSubtractFull.elf.size
 

16:25:27 Build Finished (took 174ms)

