15:58:29 **** Build of project Lab_1_bsp ****
make -k all 
Running Make include in ps7_cortexa9_0/libsrc/coresightps_dcc_v1_4/src
make -C ps7_cortexa9_0/libsrc/coresightps_dcc_v1_4/src -s include  "SHELL=/bin/sh" "COMPILER=arm-none-eabi-gcc" "ARCHIVER=arm-none-eabi-ar" "COMPILER_FLAGS=  -O2 -c" "EXTRA_COMPILER_FLAGS=-mcpu=cortex-a9 -mfpu=vfpv3 -mfloat-abi=hard -nostartfiles -g -Wall -Wextra"
Running Make include in ps7_cortexa9_0/libsrc/cpu_cortexa9_v2_7/src
make -C ps7_cortexa9_0/libsrc/cpu_cortexa9_v2_7/src -s include  "SHELL=/bin/sh" "COMPILER=arm-none-eabi-gcc" "ARCHIVER=arm-none-eabi-ar" "COMPILER_FLAGS=  -O2 -c" "EXTRA_COMPILER_FLAGS=-mcpu=cortex-a9 -mfpu=vfpv3 -mfloat-abi=hard -nostartfiles -g -Wall -Wextra"
Running Make include in ps7_cortexa9_0/libsrc/ddrps_v1_0/src
make -C ps7_cortexa9_0/libsrc/ddrps_v1_0/src -s include  "SHELL=/bin/sh" "COMPILER=arm-none-eabi-gcc" "ARCHIVER=arm-none-eabi-ar" "COMPILER_FLAGS=  -O2 -c" "EXTRA_COMPILER_FLAGS=-mcpu=cortex-a9 -mfpu=vfpv3 -mfloat-abi=hard -nostartfiles -g -Wall -Wextra"
Running Make include in ps7_cortexa9_0/libsrc/devcfg_v3_5/src
make -C ps7_cortexa9_0/libsrc/devcfg_v3_5/src -s include  "SHELL=/bin/sh" "COMPILER=arm-none-eabi-gcc" "ARCHIVER=arm-none-eabi-ar" "COMPILER_FLAGS=  -O2 -c" "EXTRA_COMPILER_FLAGS=-mcpu=cortex-a9 -mfpu=vfpv3 -mfloat-abi=hard -nostartfiles -g -Wall -Wextra"
Running Make include in ps7_cortexa9_0/libsrc/dmaps_v2_4/src
make -C ps7_cortexa9_0/libsrc/dmaps_v2_4/src -s include  "SHELL=/bin/sh" "COMPILER=arm-none-eabi-gcc" "ARCHIVER=arm-none-eabi-ar" "COMPILER_FLAGS=  -O2 -c" "EXTRA_COMPILER_FLAGS=-mcpu=cortex-a9 -mfpu=vfpv3 -mfloat-abi=hard -nostartfiles -g -Wall -Wextra"
Running Make include in ps7_cortexa9_0/libsrc/emacps_v3_8/src
make -C ps7_cortexa9_0/libsrc/emacps_v3_8/src -s include  "SHELL=/bin/sh" "COMPILER=arm-none-eabi-gcc" "ARCHIVER=arm-none-eabi-ar" "COMPILER_FLAGS=  -O2 -c" "EXTRA_COMPILER_FLAGS=-mcpu=cortex-a9 -mfpu=vfpv3 -mfloat-abi=hard -nostartfiles -g -Wall -Wextra"
Running Make include in ps7_cortexa9_0/libsrc/gpiops_v3_4/src
make -C ps7_cortexa9_0/libsrc/gpiops_v3_4/src -s include  "SHELL=/bin/sh" "COMPILER=arm-none-eabi-gcc" "ARCHIVER=arm-none-eabi-ar" "COMPILER_FLAGS=  -O2 -c" "EXTRA_COMPILER_FLAGS=-mcpu=cortex-a9 -mfpu=vfpv3 -mfloat-abi=hard -nostartfiles -g -Wall -Wextra"
Running Make include in ps7_cortexa9_0/libsrc/qspips_v3_5/src
make -C ps7_cortexa9_0/libsrc/qspips_v3_5/src -s include  "SHELL=/bin/sh" "COMPILER=arm-none-eabi-gcc" "ARCHIVER=arm-none-eabi-ar" "COMPILER_FLAGS=  -O2 -c" "EXTRA_COMPILER_FLAGS=-mcpu=cortex-a9 -mfpu=vfpv3 -mfloat-abi=hard -nostartfiles -g -Wall -Wextra"
Running Make include in ps7_cortexa9_0/libsrc/scugic_v3_10/src
make -C ps7_cortexa9_0/libsrc/scugic_v3_10/src -s include  "SHELL=/bin/sh" "COMPILER=arm-none-eabi-gcc" "ARCHIVER=arm-none-eabi-ar" "COMPILER_FLAGS=  -O2 -c" "EXTRA_COMPILER_FLAGS=-mcpu=cortex-a9 -mfpu=vfpv3 -mfloat-abi=hard -nostartfiles -g -Wall -Wextra"
Running Make include in ps7_cortexa9_0/libsrc/scutimer_v2_1/src
make -C ps7_cortexa9_0/libsrc/scutimer_v2_1/src -s include  "SHELL=/bin/sh" "COMPILER=arm-none-eabi-gcc" "ARCHIVER=arm-none-eabi-ar" "COMPILER_FLAGS=  -O2 -c" "EXTRA_COMPILER_FLAGS=-mcpu=cortex-a9 -mfpu=vfpv3 -mfloat-abi=hard -nostartfiles -g -Wall -Wextra"
Running Make include in ps7_cortexa9_0/libsrc/scuwdt_v2_1/src
make -C ps7_cortexa9_0/libsrc/scuwdt_v2_1/src -s include  "SHELL=/bin/sh" "COMPILER=arm-none-eabi-gcc" "ARCHIVER=arm-none-eabi-ar" "COMPILER_FLAGS=  -O2 -c" "EXTRA_COMPILER_FLAGS=-mcpu=cortex-a9 -mfpu=vfpv3 -mfloat-abi=hard -nostartfiles -g -Wall -Wextra"
Running Make include in ps7_cortexa9_0/libsrc/sdps_v3_6/src
make -C ps7_cortexa9_0/libsrc/sdps_v3_6/src -s include  "SHELL=/bin/sh" "COMPILER=arm-none-eabi-gcc" "ARCHIVER=arm-none-eabi-ar" "COMPILER_FLAGS=  -O2 -c" "EXTRA_COMPILER_FLAGS=-mcpu=cortex-a9 -mfpu=vfpv3 -mfloat-abi=hard -nostartfiles -g -Wall -Wextra"
Running Make include in ps7_cortexa9_0/libsrc/standalone_v6_8/src
make -C ps7_cortexa9_0/libsrc/standalone_v6_8/src -s include  "SHELL=/bin/sh" "COMPILER=arm-none-eabi-gcc" "ARCHIVER=arm-none-eabi-ar" "COMPILER_FLAGS=  -O2 -c" "EXTRA_COMPILER_FLAGS=-mcpu=cortex-a9 -mfpu=vfpv3 -mfloat-abi=hard -nostartfiles -g -Wall -Wextra"
Running Make include in ps7_cortexa9_0/libsrc/uartps_v3_7/src
make -C ps7_cortexa9_0/libsrc/uartps_v3_7/src -s include  "SHELL=/bin/sh" "COMPILER=arm-none-eabi-gcc" "ARCHIVER=arm-none-eabi-ar" "COMPILER_FLAGS=  -O2 -c" "EXTRA_COMPILER_FLAGS=-mcpu=cortex-a9 -mfpu=vfpv3 -mfloat-abi=hard -nostartfiles -g -Wall -Wextra"
Running Make include in ps7_cortexa9_0/libsrc/usbps_v2_4/src
make -C ps7_cortexa9_0/libsrc/usbps_v2_4/src -s include  "SHELL=/bin/sh" "COMPILER=arm-none-eabi-gcc" "ARCHIVER=arm-none-eabi-ar" "COMPILER_FLAGS=  -O2 -c" "EXTRA_COMPILER_FLAGS=-mcpu=cortex-a9 -mfpu=vfpv3 -mfloat-abi=hard -nostartfiles -g -Wall -Wextra"
Running Make include in ps7_cortexa9_0/libsrc/xadcps_v2_3/src
make -C ps7_cortexa9_0/libsrc/xadcps_v2_3/src -s include  "SHELL=/bin/sh" "COMPILER=arm-none-eabi-gcc" "ARCHIVER=arm-none-eabi-ar" "COMPILER_FLAGS=  -O2 -c" "EXTRA_COMPILER_FLAGS=-mcpu=cortex-a9 -mfpu=vfpv3 -mfloat-abi=hard -nostartfiles -g -Wall -Wextra"
Running Make libs in ps7_cortexa9_0/libsrc/coresightps_dcc_v1_4/src
make -C ps7_cortexa9_0/libsrc/coresightps_dcc_v1_4/src -s libs  "SHELL=/bin/sh" "COMPILER=arm-none-eabi-gcc" "ARCHIVER=arm-none-eabi-ar" "COMPILER_FLAGS=  -O2 -c" "EXTRA_COMPILER_FLAGS=-mcpu=cortex-a9 -mfpu=vfpv3 -mfloat-abi=hard -nostartfiles -g -Wall -Wextra"
Compiling coresightps_dcc
arm-none-eabi-ar: creating ../../../lib/libxil.a
Running Make libs in ps7_cortexa9_0/libsrc/cpu_cortexa9_v2_7/src
make -C ps7_cortexa9_0/libsrc/cpu_cortexa9_v2_7/src -s libs  "SHELL=/bin/sh" "COMPILER=arm-none-eabi-gcc" "ARCHIVER=arm-none-eabi-ar" "COMPILER_FLAGS=  -O2 -c" "EXTRA_COMPILER_FLAGS=-mcpu=cortex-a9 -mfpu=vfpv3 -mfloat-abi=hard -nostartfiles -g -Wall -Wextra"
Compiling cpu_cortexa9
Running Make libs in ps7_cortexa9_0/libsrc/ddrps_v1_0/src
make -C ps7_cortexa9_0/libsrc/ddrps_v1_0/src -s libs  "SHELL=/bin/sh" "COMPILER=arm-none-eabi-gcc" "ARCHIVER=arm-none-eabi-ar" "COMPILER_FLAGS=  -O2 -c" "EXTRA_COMPILER_FLAGS=-mcpu=cortex-a9 -mfpu=vfpv3 -mfloat-abi=hard -nostartfiles -g -Wall -Wextra"
Compiling ddrps
Running Make libs in ps7_cortexa9_0/libsrc/devcfg_v3_5/src
make -C ps7_cortexa9_0/libsrc/devcfg_v3_5/src -s libs  "SHELL=/bin/sh" "COMPILER=arm-none-eabi-gcc" "ARCHIVER=arm-none-eabi-ar" "COMPILER_FLAGS=  -O2 -c" "EXTRA_COMPILER_FLAGS=-mcpu=cortex-a9 -mfpu=vfpv3 -mfloat-abi=hard -nostartfiles -g -Wall -Wextra"
Compiling devcfg
Running Make libs in ps7_cortexa9_0/libsrc/dmaps_v2_4/src
make -C ps7_cortexa9_0/libsrc/dmaps_v2_4/src -s libs  "SHELL=/bin/sh" "COMPILER=arm-none-eabi-gcc" "ARCHIVER=arm-none-eabi-ar" "COMPILER_FLAGS=  -O2 -c" "EXTRA_COMPILER_FLAGS=-mcpu=cortex-a9 -mfpu=vfpv3 -mfloat-abi=hard -nostartfiles -g -Wall -Wextra"
Compiling dmaps
Running Make libs in ps7_cortexa9_0/libsrc/emacps_v3_8/src
make -C ps7_cortexa9_0/libsrc/emacps_v3_8/src -s libs  "SHELL=/bin/sh" "COMPILER=arm-none-eabi-gcc" "ARCHIVER=arm-none-eabi-ar" "COMPILER_FLAGS=  -O2 -c" "EXTRA_COMPILER_FLAGS=-mcpu=cortex-a9 -mfpu=vfpv3 -mfloat-abi=hard -nostartfiles -g -Wall -Wextra"
Compiling emacps
Running Make libs in ps7_cortexa9_0/libsrc/gpiops_v3_4/src
make -C ps7_cortexa9_0/libsrc/gpiops_v3_4/src -s libs  "SHELL=/bin/sh" "COMPILER=arm-none-eabi-gcc" "ARCHIVER=arm-none-eabi-ar" "COMPILER_FLAGS=  -O2 -c" "EXTRA_COMPILER_FLAGS=-mcpu=cortex-a9 -mfpu=vfpv3 -mfloat-abi=hard -nostartfiles -g -Wall -Wextra"
Compiling gpiops
Running Make libs in ps7_cortexa9_0/libsrc/qspips_v3_5/src
make -C ps7_cortexa9_0/libsrc/qspips_v3_5/src -s libs  "SHELL=/bin/sh" "COMPILER=arm-none-eabi-gcc" "ARCHIVER=arm-none-eabi-ar" "COMPILER_FLAGS=  -O2 -c" "EXTRA_COMPILER_FLAGS=-mcpu=cortex-a9 -mfpu=vfpv3 -mfloat-abi=hard -nostartfiles -g -Wall -Wextra"
Compiling qspips
Running Make libs in ps7_cortexa9_0/libsrc/scugic_v3_10/src
make -C ps7_cortexa9_0/libsrc/scugic_v3_10/src -s libs  "SHELL=/bin/sh" "COMPILER=arm-none-eabi-gcc" "ARCHIVER=arm-none-eabi-ar" "COMPILER_FLAGS=  -O2 -c" "EXTRA_COMPILER_FLAGS=-mcpu=cortex-a9 -mfpu=vfpv3 -mfloat-abi=hard -nostartfiles -g -Wall -Wextra"
Compiling scugic
Running Make libs in ps7_cortexa9_0/libsrc/scutimer_v2_1/src
make -C ps7_cortexa9_0/libsrc/scutimer_v2_1/src -s libs  "SHELL=/bin/sh" "COMPILER=arm-none-eabi-gcc" "ARCHIVER=arm-none-eabi-ar" "COMPILER_FLAGS=  -O2 -c" "EXTRA_COMPILER_FLAGS=-mcpu=cortex-a9 -mfpu=vfpv3 -mfloat-abi=hard -nostartfiles -g -Wall -Wextra"
Compiling scutimer
Running Make libs in ps7_cortexa9_0/libsrc/scuwdt_v2_1/src
make -C ps7_cortexa9_0/libsrc/scuwdt_v2_1/src -s libs  "SHELL=/bin/sh" "COMPILER=arm-none-eabi-gcc" "ARCHIVER=arm-none-eabi-ar" "COMPILER_FLAGS=  -O2 -c" "EXTRA_COMPILER_FLAGS=-mcpu=cortex-a9 -mfpu=vfpv3 -mfloat-abi=hard -nostartfiles -g -Wall -Wextra"
Compiling scuwdt
Running Make libs in ps7_cortexa9_0/libsrc/sdps_v3_6/src
make -C ps7_cortexa9_0/libsrc/sdps_v3_6/src -s libs  "SHELL=/bin/sh" "COMPILER=arm-none-eabi-gcc" "ARCHIVER=arm-none-eabi-ar" "COMPILER_FLAGS=  -O2 -c" "EXTRA_COMPILER_FLAGS=-mcpu=cortex-a9 -mfpu=vfpv3 -mfloat-abi=hard -nostartfiles -g -Wall -Wextra"
Compiling sdps
Running Make libs in ps7_cortexa9_0/libsrc/standalone_v6_8/src
make -C ps7_cortexa9_0/libsrc/standalone_v6_8/src -s libs  "SHELL=/bin/sh" "COMPILER=arm-none-eabi-gcc" "ARCHIVER=arm-none-eabi-ar" "COMPILER_FLAGS=  -O2 -c" "EXTRA_COMPILER_FLAGS=-mcpu=cortex-a9 -mfpu=vfpv3 -mfloat-abi=hard -nostartfiles -g -Wall -Wextra"
Compiling standalone
In file included from sleep.c:53:0:
xtime_l.h:87:9: note: #pragma message: For the sleep routines, Global timer is being used
 #pragma message ("For the sleep routines, Global timer is being used")
         ^~~~~~~
In file included from usleep.c:56:0:
xtime_l.h:87:9: note: #pragma message: For the sleep routines, Global timer is being used
 #pragma message ("For the sleep routines, Global timer is being used")
         ^~~~~~~
In file included from xil_sleeptimer.c:51:0:
xtime_l.h:87:9: note: #pragma message: For the sleep routines, Global timer is being used
 #pragma message ("For the sleep routines, Global timer is being used")
         ^~~~~~~
In file included from xtime_l.c:49:0:
xtime_l.h:87:9: note: #pragma message: For the sleep routines, Global timer is being used
 #pragma message ("For the sleep routines, Global timer is being used")
         ^~~~~~~
Running Make libs in ps7_cortexa9_0/libsrc/uartps_v3_7/src
make -C ps7_cortexa9_0/libsrc/uartps_v3_7/src -s libs  "SHELL=/bin/sh" "COMPILER=arm-none-eabi-gcc" "ARCHIVER=arm-none-eabi-ar" "COMPILER_FLAGS=  -O2 -c" "EXTRA_COMPILER_FLAGS=-mcpu=cortex-a9 -mfpu=vfpv3 -mfloat-abi=hard -nostartfiles -g -Wall -Wextra"
Compiling uartps
Running Make libs in ps7_cortexa9_0/libsrc/usbps_v2_4/src
make -C ps7_cortexa9_0/libsrc/usbps_v2_4/src -s libs  "SHELL=/bin/sh" "COMPILER=arm-none-eabi-gcc" "ARCHIVER=arm-none-eabi-ar" "COMPILER_FLAGS=  -O2 -c" "EXTRA_COMPILER_FLAGS=-mcpu=cortex-a9 -mfpu=vfpv3 -mfloat-abi=hard -nostartfiles -g -Wall -Wextra"
Compiling usbps
Running Make libs in ps7_cortexa9_0/libsrc/xadcps_v2_3/src
make -C ps7_cortexa9_0/libsrc/xadcps_v2_3/src -s libs  "SHELL=/bin/sh" "COMPILER=arm-none-eabi-gcc" "ARCHIVER=arm-none-eabi-ar" "COMPILER_FLAGS=  -O2 -c" "EXTRA_COMPILER_FLAGS=-mcpu=cortex-a9 -mfpu=vfpv3 -mfloat-abi=hard -nostartfiles -g -Wall -Wextra"
Compiling xadcps
Finished building libraries

**** Build of configuration Debug for project addSubtractFull ****

Nothing to build for project addSubtractFull
15:59:29 **** Auto Build of configuration Debug for project addSubtractFull ****
make pre-build main-build 
a9-linaro-pre-build-step
 
Building file: ../src/addSubtractFull.c
Invoking: ARM v7 gcc compiler
arm-none-eabi-gcc -Wall -O0 -g3 -c -fmessage-length=0 -MT"src/addSubtractFull.o" -mcpu=cortex-a9 -mfpu=vfpv3 -mfloat-abi=hard -I../../Lab_1_bsp/ps7_cortexa9_0/include -MMD -MP -MF"src/addSubtractFull.d" -MT"src/addSubtractFull.o" -o "src/addSubtractFull.o" "../src/addSubtractFull.c"
Finished building: ../src/addSubtractFull.c
 
Building target: addSubtractFull.elf
Invoking: ARM v7 gcc linker
arm-none-eabi-gcc -mcpu=cortex-a9 -mfpu=vfpv3 -mfloat-abi=hard -Wl,-build-id=none -specs=Xilinx.spec -Wl,-T -Wl,../src/lscript.ld -L../../Lab_1_bsp/ps7_cortexa9_0/lib -o "addSubtractFull.elf" ./src/addSubtractFull.o   -Wl,--start-group,-lxil,-lgcc,-lc,--end-group
../../Lab_1_bsp/ps7_cortexa9_0/lib/libxil.a(xil-crt0.o): In function `_start':
/home/josh/projects/ece1195/Lab-1True/Lab_1/Lab_1.sdk/Lab_1_bsp/ps7_cortexa9_0/libsrc/standalone_v6_8/src/xil-crt0.S:138: undefined reference to `main'
collect2: error: ld returned 1 exit status
make: *** [makefile:41: addSubtractFull.elf] Error 1
15:59:47 **** Auto Build of configuration Debug for project addSubtractFull ****
make pre-build main-build 
a9-linaro-pre-build-step
 
Building file: ../src/addSubtractFull.c
Invoking: ARM v7 gcc compiler
arm-none-eabi-gcc -Wall -O0 -g3 -c -fmessage-length=0 -MT"src/addSubtractFull.o" -mcpu=cortex-a9 -mfpu=vfpv3 -mfloat-abi=hard -I../../Lab_1_bsp/ps7_cortexa9_0/include -MMD -MP -MF"src/addSubtractFull.d" -MT"src/addSubtractFull.o" -o "src/addSubtractFull.o" "../src/addSubtractFull.c"
Finished building: ../src/addSubtractFull.c
 
Building target: addSubtractFull.elf
Invoking: ARM v7 gcc linker
arm-none-eabi-gcc -mcpu=cortex-a9 -mfpu=vfpv3 -mfloat-abi=hard -Wl,-build-id=none -specs=Xilinx.spec -Wl,-T -Wl,../src/lscript.ld -L../../Lab_1_bsp/ps7_cortexa9_0/lib -o "addSubtractFull.elf" ./src/addSubtractFull.o   -Wl,--start-group,-lxil,-lgcc,-lc,--end-group
../../Lab_1_bsp/ps7_cortexa9_0/lib/libxil.a(xil-crt0.o): In function `_start':
/home/josh/projects/ece1195/Lab-1True/Lab_1/Lab_1.sdk/Lab_1_bsp/ps7_cortexa9_0/libsrc/standalone_v6_8/src/xil-crt0.S:138: undefined reference to `main'
collect2: error: ld returned 1 exit status
make: *** [makefile:41: addSubtractFull.elf] Error 1
16:03:43 **** Auto Build of configuration Debug for project addSubtractFull ****
make pre-build main-build 
a9-linaro-pre-build-step
 
Building file: ../src/addSubtractFull.c
Invoking: ARM v7 gcc compiler
arm-none-eabi-gcc -Wall -O0 -g3 -c -fmessage-length=0 -MT"src/addSubtractFull.o" -mcpu=cortex-a9 -mfpu=vfpv3 -mfloat-abi=hard -I../../Lab_1_bsp/ps7_cortexa9_0/include -MMD -MP -MF"src/addSubtractFull.d" -MT"src/addSubtractFull.o" -o "src/addSubtractFull.o" "../src/addSubtractFull.c"
../src/addSubtractFull.c: In function 'main':
../src/addSubtractFull.c:8:21: error: 'j' undeclared (first use in this function)
         regmap[1] = j;
                     ^
../src/addSubtractFull.c:8:21: note: each undeclared identifier is reported only once for each function it appears in
../src/addSubtractFull.c:10:16: error: expected expression before '%' token
         printf(%2zu + %2zu = %3zu (%s)\n", i, j, r, (r == i+j) ? "COR" : "ERR");
                ^
../src/addSubtractFull.c:10:17: error: invalid suffix "zu" on integer constant
         printf(%2zu + %2zu = %3zu (%s)\n", i, j, r, (r == i+j) ? "COR" : "ERR");
                 ^~~
../src/addSubtractFull.c:10:24: error: invalid suffix "zu" on integer constant
         printf(%2zu + %2zu = %3zu (%s)\n", i, j, r, (r == i+j) ? "COR" : "ERR");
                        ^~~
../src/addSubtractFull.c:10:31: error: invalid suffix "zu" on integer constant
         printf(%2zu + %2zu = %3zu (%s)\n", i, j, r, (r == i+j) ? "COR" : "ERR");
                               ^~~
../src/addSubtractFull.c:10:39: error: stray '\' in program
         printf(%2zu + %2zu = %3zu (%s)\n", i, j, r, (r == i+j) ? "COR" : "ERR");
                                       ^
../src/addSubtractFull.c:10:78: warning: missing terminating " character
         printf(%2zu + %2zu = %3zu (%s)\n", i, j, r, (r == i+j) ? "COR" : "ERR");
                                                                              ^
../src/addSubtractFull.c:10:78: error: missing terminating " character
         printf(%2zu + %2zu = %3zu (%s)\n", i, j, r, (r == i+j) ? "COR" : "ERR");
                                                                              ^~~
../src/addSubtractFull.c:11:5: error: expected ';' before '}' token
     }
     ^
../src/addSubtractFull.c:9:16: warning: unused variable 'r' [-Wunused-variable]
         size_t r = regmap[3];
                ^
make: *** [src/subdir.mk:23: src/addSubtractFull.o] Error 1
16:04:40 **** Auto Build of configuration Debug for project addSubtractFull ****
make pre-build main-build 
a9-linaro-pre-build-step
 
Building file: ../src/addSubtractFull.c
Invoking: ARM v7 gcc compiler
arm-none-eabi-gcc -Wall -O0 -g3 -c -fmessage-length=0 -MT"src/addSubtractFull.o" -mcpu=cortex-a9 -mfpu=vfpv3 -mfloat-abi=hard -I../../Lab_1_bsp/ps7_cortexa9_0/include -MMD -MP -MF"src/addSubtractFull.d" -MT"src/addSubtractFull.o" -o "src/addSubtractFull.o" "../src/addSubtractFull.c"
../src/addSubtractFull.c: In function 'main':
../src/addSubtractFull.c:9:25: error: 'j' undeclared (first use in this function)
             regmap[1] = j;
                         ^
../src/addSubtractFull.c:9:25: note: each undeclared identifier is reported only once for each function it appears in
../src/addSubtractFull.c:11:20: error: expected expression before '%' token
             printf(%2zu + %2zu = %3zu (%s)\n", i, j, r, (r == i+j) ? "COR" : "ERR");
                    ^
../src/addSubtractFull.c:11:21: error: invalid suffix "zu" on integer constant
             printf(%2zu + %2zu = %3zu (%s)\n", i, j, r, (r == i+j) ? "COR" : "ERR");
                     ^~~
../src/addSubtractFull.c:11:28: error: invalid suffix "zu" on integer constant
             printf(%2zu + %2zu = %3zu (%s)\n", i, j, r, (r == i+j) ? "COR" : "ERR");
                            ^~~
../src/addSubtractFull.c:11:35: error: invalid suffix "zu" on integer constant
             printf(%2zu + %2zu = %3zu (%s)\n", i, j, r, (r == i+j) ? "COR" : "ERR");
                                   ^~~
../src/addSubtractFull.c:11:43: error: stray '\' in program
             printf(%2zu + %2zu = %3zu (%s)\n", i, j, r, (r == i+j) ? "COR" : "ERR");
                                           ^
../src/addSubtractFull.c:11:82: warning: missing terminating " character
             printf(%2zu + %2zu = %3zu (%s)\n", i, j, r, (r == i+j) ? "COR" : "ERR");
                                                                                  ^
../src/addSubtractFull.c:11:82: error: missing terminating " character
             printf(%2zu + %2zu = %3zu (%s)\n", i, j, r, (r == i+j) ? "COR" : "ERR");
                                                                                  ^~~
../src/addSubtractFull.c:12:9: error: expected ';' before '}' token
         }
         ^
../src/addSubtractFull.c:10:20: warning: unused variable 'r' [-Wunused-variable]
             size_t r = regmap[3];
                    ^
make: *** [src/subdir.mk:23: src/addSubtractFull.o] Error 1
16:04:56 **** Auto Build of configuration Debug for project addSubtractFull ****
make pre-build main-build 
a9-linaro-pre-build-step
 
Building file: ../src/addSubtractFull.c
Invoking: ARM v7 gcc compiler
arm-none-eabi-gcc -Wall -O0 -g3 -c -fmessage-length=0 -MT"src/addSubtractFull.o" -mcpu=cortex-a9 -mfpu=vfpv3 -mfloat-abi=hard -I../../Lab_1_bsp/ps7_cortexa9_0/include -MMD -MP -MF"src/addSubtractFull.d" -MT"src/addSubtractFull.o" -o "src/addSubtractFull.o" "../src/addSubtractFull.c"
../src/addSubtractFull.c: In function 'main':
../src/addSubtractFull.c:11:20: error: expected expression before '%' token
             printf(%2zu + %2zu = %3zu (%s)\n", i, j, r, (r == i+j) ? "COR" : "ERR");
                    ^
../src/addSubtractFull.c:11:21: error: invalid suffix "zu" on integer constant
             printf(%2zu + %2zu = %3zu (%s)\n", i, j, r, (r == i+j) ? "COR" : "ERR");
                     ^~~
../src/addSubtractFull.c:11:28: error: invalid suffix "zu" on integer constant
             printf(%2zu + %2zu = %3zu (%s)\n", i, j, r, (r == i+j) ? "COR" : "ERR");
                            ^~~
../src/addSubtractFull.c:11:35: error: invalid suffix "zu" on integer constant
             printf(%2zu + %2zu = %3zu (%s)\n", i, j, r, (r == i+j) ? "COR" : "ERR");
                                   ^~~
../src/addSubtractFull.c:11:43: error: stray '\' in program
             printf(%2zu + %2zu = %3zu (%s)\n", i, j, r, (r == i+j) ? "COR" : "ERR");
                                           ^
../src/addSubtractFull.c:11:82: warning: missing terminating " character
             printf(%2zu + %2zu = %3zu (%s)\n", i, j, r, (r == i+j) ? "COR" : "ERR");
                                                                                  ^
../src/addSubtractFull.c:11:82: error: missing terminating " character
             printf(%2zu + %2zu = %3zu (%s)\n", i, j, r, (r == i+j) ? "COR" : "ERR");
                                                                                  ^~~
../src/addSubtractFull.c:12:9: error: expected ';' before '}' token
         }
         ^
../src/addSubtractFull.c:10:20: warning: unused variable 'r' [-Wunused-variable]
             size_t r = regmap[3];
                    ^
make: *** [src/subdir.mk:23: src/addSubtractFull.o] Error 1
16:05:33 **** Auto Build of configuration Debug for project addSubtractFull ****
make pre-build main-build 
a9-linaro-pre-build-step
 
Building file: ../src/addSubtractFull.c
Invoking: ARM v7 gcc compiler
arm-none-eabi-gcc -Wall -O0 -g3 -c -fmessage-length=0 -MT"src/addSubtractFull.o" -mcpu=cortex-a9 -mfpu=vfpv3 -mfloat-abi=hard -I../../Lab_1_bsp/ps7_cortexa9_0/include -MMD -MP -MF"src/addSubtractFull.d" -MT"src/addSubtractFull.o" -o "src/addSubtractFull.o" "../src/addSubtractFull.c"
Finished building: ../src/addSubtractFull.c
 
Building target: addSubtractFull.elf
Invoking: ARM v7 gcc linker
arm-none-eabi-gcc -mcpu=cortex-a9 -mfpu=vfpv3 -mfloat-abi=hard -Wl,-build-id=none -specs=Xilinx.spec -Wl,-T -Wl,../src/lscript.ld -L../../Lab_1_bsp/ps7_cortexa9_0/lib -o "addSubtractFull.elf" ./src/addSubtractFull.o   -Wl,--start-group,-lxil,-lgcc,-lc,--end-group
Finished building target: addSubtractFull.elf
 
Invoking: ARM v7 Print Size
arm-none-eabi-size addSubtractFull.elf  |tee "addSubtractFull.elf.size"
   text	   data	    bss	    dec	    hex	filename
  70440	   2580	  23328	  96348	  1785c	addSubtractFull.elf
Finished building: addSubtractFull.elf.size
 
16:06:54 **** Auto Build of configuration Debug for project addSubtractFull ****
make pre-build main-build 
a9-linaro-pre-build-step
 
Building file: ../src/addSubtractFull.c
Invoking: ARM v7 gcc compiler
arm-none-eabi-gcc -Wall -O0 -g3 -c -fmessage-length=0 -MT"src/addSubtractFull.o" -mcpu=cortex-a9 -mfpu=vfpv3 -mfloat-abi=hard -I../../Lab_1_bsp/ps7_cortexa9_0/include -MMD -MP -MF"src/addSubtractFull.d" -MT"src/addSubtractFull.o" -o "src/addSubtractFull.o" "../src/addSubtractFull.c"
Finished building: ../src/addSubtractFull.c
 
Building target: addSubtractFull.elf
Invoking: ARM v7 gcc linker
arm-none-eabi-gcc -mcpu=cortex-a9 -mfpu=vfpv3 -mfloat-abi=hard -Wl,-build-id=none -specs=Xilinx.spec -Wl,-T -Wl,../src/lscript.ld -L../../Lab_1_bsp/ps7_cortexa9_0/lib -o "addSubtractFull.elf" ./src/addSubtractFull.o   -Wl,--start-group,-lxil,-lgcc,-lc,--end-group
Finished building target: addSubtractFull.elf
 
Invoking: ARM v7 Print Size
arm-none-eabi-size addSubtractFull.elf  |tee "addSubtractFull.elf.size"
   text	   data	    bss	    dec	    hex	filename
  70440	   2580	  23328	  96348	  1785c	addSubtractFull.elf
Finished building: addSubtractFull.elf.size
 
16:25:26 **** Auto Build of configuration Debug for project addSubtractFull ****
make pre-build main-build 
a9-linaro-pre-build-step
 
Building file: ../src/addSubtractFull.c
Invoking: ARM v7 gcc compiler
arm-none-eabi-gcc -Wall -O0 -g3 -c -fmessage-length=0 -MT"src/addSubtractFull.o" -mcpu=cortex-a9 -mfpu=vfpv3 -mfloat-abi=hard -I../../Lab_1_bsp/ps7_cortexa9_0/include -MMD -MP -MF"src/addSubtractFull.d" -MT"src/addSubtractFull.o" -o "src/addSubtractFull.o" "../src/addSubtractFull.c"
Finished building: ../src/addSubtractFull.c
 
Building target: addSubtractFull.elf
Invoking: ARM v7 gcc linker
arm-none-eabi-gcc -mcpu=cortex-a9 -mfpu=vfpv3 -mfloat-abi=hard -Wl,-build-id=none -specs=Xilinx.spec -Wl,-T -Wl,../src/lscript.ld -L../../Lab_1_bsp/ps7_cortexa9_0/lib -o "addSubtractFull.elf" ./src/addSubtractFull.o   -Wl,--start-group,-lxil,-lgcc,-lc,--end-group
Finished building target: addSubtractFull.elf
 
Invoking: ARM v7 Print Size
arm-none-eabi-size addSubtractFull.elf  |tee "addSubtractFull.elf.size"
   text	   data	    bss	    dec	    hex	filename
  70628	   2580	  23328	  96536	  17918	addSubtractFull.elf
Finished building: addSubtractFull.elf.size
 
