15:58:29 **** Build of project Lab_1_bsp ****
make -k all 
Running Make include in ps7_cortexa9_0/libsrc/coresightps_dcc_v1_4/src
make -C ps7_cortexa9_0/libsrc/coresightps_dcc_v1_4/src -s include  "SHELL=/bin/sh" "COMPILER=arm-none-eabi-gcc" "ARCHIVER=arm-none-eabi-ar" "COMPILER_FLAGS=  -O2 -c" "EXTRA_COMPILER_FLAGS=-mcpu=cortex-a9 -mfpu=vfpv3 -mfloat-abi=hard -nostartfiles -g -Wall -Wextra"
Running Make include in ps7_cortexa9_0/libsrc/cpu_cortexa9_v2_7/src
make -C ps7_cortexa9_0/libsrc/cpu_cortexa9_v2_7/src -s include  "SHELL=/bin/sh" "COMPILER=arm-none-eabi-gcc" "ARCHIVER=arm-none-eabi-ar" "COMPILER_FLAGS=  -O2 -c" "EXTRA_COMPILER_FLAGS=-mcpu=cortex-a9 -mfpu=vfpv3 -mfloat-abi=hard -nostartfiles -g -Wall -Wextra"
Running Make include in ps7_cortexa9_0/libsrc/ddrps_v1_0/src
make -C ps7_cortexa9_0/libsrc/ddrps_v1_0/src -s include  "SHELL=/bin/sh" "COMPILER=arm-none-eabi-gcc" "ARCHIVER=arm-none-eabi-ar" "COMPILER_FLAGS=  -O2 -c" "EXTRA_COMPILER_FLAGS=-mcpu=cortex-a9 -mfpu=vfpv3 -mfloat-abi=hard -nostartfiles -g -Wall -Wextra"
Running Make include in ps7_cortexa9_0/libsrc/devcfg_v3_5/src
make -C ps7_cortexa9_0/libsrc/devcfg_v3_5/src -s include  "SHELL=/bin/sh" "COMPILER=arm-none-eabi-gcc" "ARCHIVER=arm-none-eabi-ar" "COMPILER_FLAGS=  -O2 -c" "EXTRA_COMPILER_FLAGS=-mcpu=cortex-a9 -mfpu=vfpv3 -mfloat-abi=hard -nostartfiles -g -Wall -Wextra"
Running Make include in ps7_cortexa9_0/libsrc/dmaps_v2_4/src
make -C ps7_cortexa9_0/libsrc/dmaps_v2_4/src -s include  "SHELL=/bin/sh" "COMPILER=arm-none-eabi-gcc" "ARCHIVER=arm-none-eabi-ar" "COMPILER_FLAGS=  -O2 -c" "EXTRA_COMPILER_FLAGS=-mcpu=cortex-a9 -mfpu=vfpv3 -mfloat-abi=hard -nostartfiles -g -Wall -Wextra"
Running Make include in ps7_cortexa9_0/libsrc/emacps_v3_8/src
make -C ps7_cortexa9_0/libsrc/emacps_v3_8/src -s include  "SHELL=/bin/sh" "COMPILER=arm-none-eabi-gcc" "ARCHIVER=arm-none-eabi-ar" "COMPILER_FLAGS=  -O2 -c" "EXTRA_COMPILER_FLAGS=-mcpu=cortex-a9 -mfpu=vfpv3 -mfloat-abi=hard -nostartfiles -g -Wall -Wextra"
Running Make include in ps7_cortexa9_0/libsrc/gpiops_v3_4/src
make -C ps7_cortexa9_0/libsrc/gpiops_v3_4/src -s include  "SHELL=/bin/sh" "COMPILER=arm-none-eabi-gcc" "ARCHIVER=arm-none-eabi-ar" "COMPILER_FLAGS=  -O2 -c" "EXTRA_COMPILER_FLAGS=-mcpu=cortex-a9 -mfpu=vfpv3 -mfloat-abi=hard -nostartfiles -g -Wall -Wextra"
Running Make include in ps7_cortexa9_0/libsrc/qspips_v3_5/src
make -C ps7_cortexa9_0/libsrc/qspips_v3_5/src -s include  "SHELL=/bin/sh" "COMPILER=arm-none-eabi-gcc" "ARCHIVER=arm-none-eabi-ar" "COMPILER_FLAGS=  -O2 -c" "EXTRA_COMPILER_FLAGS=-mcpu=cortex-a9 -mfpu=vfpv3 -mfloat-abi=hard -nostartfiles -g -Wall -Wextra"
Running Make include in ps7_cortexa9_0/libsrc/scugic_v3_10/src
make -C ps7_cortexa9_0/libsrc/scugic_v3_10/src -s include  "SHELL=/bin/sh" "COMPILER=arm-none-eabi-gcc" "ARCHIVER=arm-none-eabi-ar" "COMPILER_FLAGS=  -O2 -c" "EXTRA_COMPILER_FLAGS=-mcpu=cortex-a9 -mfpu=vfpv3 -mfloat-abi=hard -nostartfiles -g -Wall -Wextra"
Running Make include in ps7_cortexa9_0/libsrc/scutimer_v2_1/src
make -C ps7_cortexa9_0/libsrc/scutimer_v2_1/src -s include  "SHELL=/bin/sh" "COMPILER=arm-none-eabi-gcc" "ARCHIVER=arm-none-eabi-ar" "COMPILER_FLAGS=  -O2 -c" "EXTRA_COMPILER_FLAGS=-mcpu=cortex-a9 -mfpu=vfpv3 -mfloat-abi=hard -nostartfiles -g -Wall -Wextra"
Running Make include in ps7_cortexa9_0/libsrc/scuwdt_v2_1/src
make -C ps7_cortexa9_0/libsrc/scuwdt_v2_1/src -s include  "SHELL=/bin/sh" "COMPILER=arm-none-eabi-gcc" "ARCHIVER=arm-none-eabi-ar" "COMPILER_FLAGS=  -O2 -c" "EXTRA_COMPILER_FLAGS=-mcpu=cortex-a9 -mfpu=vfpv3 -mfloat-abi=hard -nostartfiles -g -Wall -Wextra"
Running Make include in ps7_cortexa9_0/libsrc/sdps_v3_6/src
make -C ps7_cortexa9_0/libsrc/sdps_v3_6/src -s include  "SHELL=/bin/sh" "COMPILER=arm-none-eabi-gcc" "ARCHIVER=arm-none-eabi-ar" "COMPILER_FLAGS=  -O2 -c" "EXTRA_COMPILER_FLAGS=-mcpu=cortex-a9 -mfpu=vfpv3 -mfloat-abi=hard -nostartfiles -g -Wall -Wextra"
Running Make include in ps7_cortexa9_0/libsrc/standalone_v6_8/src
make -C ps7_cortexa9_0/libsrc/standalone_v6_8/src -s include  "SHELL=/bin/sh" "COMPILER=arm-none-eabi-gcc" "ARCHIVER=arm-none-eabi-ar" "COMPILER_FLAGS=  -O2 -c" "EXTRA_COMPILER_FLAGS=-mcpu=cortex-a9 -mfpu=vfpv3 -mfloat-abi=hard -nostartfiles -g -Wall -Wextra"
Running Make include in ps7_cortexa9_0/libsrc/uartps_v3_7/src
make -C ps7_cortexa9_0/libsrc/uartps_v3_7/src -s include  "SHELL=/bin/sh" "COMPILER=arm-none-eabi-gcc" "ARCHIVER=arm-none-eabi-ar" "COMPILER_FLAGS=  -O2 -c" "EXTRA_COMPILER_FLAGS=-mcpu=cortex-a9 -mfpu=vfpv3 -mfloat-abi=hard -nostartfiles -g -Wall -Wextra"
Running Make include in ps7_cortexa9_0/libsrc/usbps_v2_4/src
make -C ps7_cortexa9_0/libsrc/usbps_v2_4/src -s include  "SHELL=/bin/sh" "COMPILER=arm-none-eabi-gcc" "ARCHIVER=arm-none-eabi-ar" "COMPILER_FLAGS=  -O2 -c" "EXTRA_COMPILER_FLAGS=-mcpu=cortex-a9 -mfpu=vfpv3 -mfloat-abi=hard -nostartfiles -g -Wall -Wextra"
Running Make include in ps7_cortexa9_0/libsrc/xadcps_v2_3/src
make -C ps7_cortexa9_0/libsrc/xadcps_v2_3/src -s include  "SHELL=/bin/sh" "COMPILER=arm-none-eabi-gcc" "ARCHIVER=arm-none-eabi-ar" "COMPILER_FLAGS=  -O2 -c" "EXTRA_COMPILER_FLAGS=-mcpu=cortex-a9 -mfpu=vfpv3 -mfloat-abi=hard -nostartfiles -g -Wall -Wextra"
Running Make libs in ps7_cortexa9_0/libsrc/coresightps_dcc_v1_4/src
make -C ps7_cortexa9_0/libsrc/coresightps_dcc_v1_4/src -s libs  "SHELL=/bin/sh" "COMPILER=arm-none-eabi-gcc" "ARCHIVER=arm-none-eabi-ar" "COMPILER_FLAGS=  -O2 -c" "EXTRA_COMPILER_FLAGS=-mcpu=cortex-a9 -mfpu=vfpv3 -mfloat-abi=hard -nostartfiles -g -Wall -Wextra"
Compiling coresightps_dcc
arm-none-eabi-ar: creating ../../../lib/libxil.a
Running Make libs in ps7_cortexa9_0/libsrc/cpu_cortexa9_v2_7/src
make -C ps7_cortexa9_0/libsrc/cpu_cortexa9_v2_7/src -s libs  "SHELL=/bin/sh" "COMPILER=arm-none-eabi-gcc" "ARCHIVER=arm-none-eabi-ar" "COMPILER_FLAGS=  -O2 -c" "EXTRA_COMPILER_FLAGS=-mcpu=cortex-a9 -mfpu=vfpv3 -mfloat-abi=hard -nostartfiles -g -Wall -Wextra"
Compiling cpu_cortexa9
Running Make libs in ps7_cortexa9_0/libsrc/ddrps_v1_0/src
make -C ps7_cortexa9_0/libsrc/ddrps_v1_0/src -s libs  "SHELL=/bin/sh" "COMPILER=arm-none-eabi-gcc" "ARCHIVER=arm-none-eabi-ar" "COMPILER_FLAGS=  -O2 -c" "EXTRA_COMPILER_FLAGS=-mcpu=cortex-a9 -mfpu=vfpv3 -mfloat-abi=hard -nostartfiles -g -Wall -Wextra"
Compiling ddrps
Running Make libs in ps7_cortexa9_0/libsrc/devcfg_v3_5/src
make -C ps7_cortexa9_0/libsrc/devcfg_v3_5/src -s libs  "SHELL=/bin/sh" "COMPILER=arm-none-eabi-gcc" "ARCHIVER=arm-none-eabi-ar" "COMPILER_FLAGS=  -O2 -c" "EXTRA_COMPILER_FLAGS=-mcpu=cortex-a9 -mfpu=vfpv3 -mfloat-abi=hard -nostartfiles -g -Wall -Wextra"
Compiling devcfg
Running Make libs in ps7_cortexa9_0/libsrc/dmaps_v2_4/src
make -C ps7_cortexa9_0/libsrc/dmaps_v2_4/src -s libs  "SHELL=/bin/sh" "COMPILER=arm-none-eabi-gcc" "ARCHIVER=arm-none-eabi-ar" "COMPILER_FLAGS=  -O2 -c" "EXTRA_COMPILER_FLAGS=-mcpu=cortex-a9 -mfpu=vfpv3 -mfloat-abi=hard -nostartfiles -g -Wall -Wextra"
Compiling dmaps
Running Make libs in ps7_cortexa9_0/libsrc/emacps_v3_8/src
make -C ps7_cortexa9_0/libsrc/emacps_v3_8/src -s libs  "SHELL=/bin/sh" "COMPILER=arm-none-eabi-gcc" "ARCHIVER=arm-none-eabi-ar" "COMPILER_FLAGS=  -O2 -c" "EXTRA_COMPILER_FLAGS=-mcpu=cortex-a9 -mfpu=vfpv3 -mfloat-abi=hard -nostartfiles -g -Wall -Wextra"
Compiling emacps
Running Make libs in ps7_cortexa9_0/libsrc/gpiops_v3_4/src
make -C ps7_cortexa9_0/libsrc/gpiops_v3_4/src -s libs  "SHELL=/bin/sh" "COMPILER=arm-none-eabi-gcc" "ARCHIVER=arm-none-eabi-ar" "COMPILER_FLAGS=  -O2 -c" "EXTRA_COMPILER_FLAGS=-mcpu=cortex-a9 -mfpu=vfpv3 -mfloat-abi=hard -nostartfiles -g -Wall -Wextra"
Compiling gpiops
Running Make libs in ps7_cortexa9_0/libsrc/qspips_v3_5/src
make -C ps7_cortexa9_0/libsrc/qspips_v3_5/src -s libs  "SHELL=/bin/sh" "COMPILER=arm-none-eabi-gcc" "ARCHIVER=arm-none-eabi-ar" "COMPILER_FLAGS=  -O2 -c" "EXTRA_COMPILER_FLAGS=-mcpu=cortex-a9 -mfpu=vfpv3 -mfloat-abi=hard -nostartfiles -g -Wall -Wextra"
Compiling qspips
Running Make libs in ps7_cortexa9_0/libsrc/scugic_v3_10/src
make -C ps7_cortexa9_0/libsrc/scugic_v3_10/src -s libs  "SHELL=/bin/sh" "COMPILER=arm-none-eabi-gcc" "ARCHIVER=arm-none-eabi-ar" "COMPILER_FLAGS=  -O2 -c" "EXTRA_COMPILER_FLAGS=-mcpu=cortex-a9 -mfpu=vfpv3 -mfloat-abi=hard -nostartfiles -g -Wall -Wextra"
Compiling scugic
Running Make libs in ps7_cortexa9_0/libsrc/scutimer_v2_1/src
make -C ps7_cortexa9_0/libsrc/scutimer_v2_1/src -s libs  "SHELL=/bin/sh" "COMPILER=arm-none-eabi-gcc" "ARCHIVER=arm-none-eabi-ar" "COMPILER_FLAGS=  -O2 -c" "EXTRA_COMPILER_FLAGS=-mcpu=cortex-a9 -mfpu=vfpv3 -mfloat-abi=hard -nostartfiles -g -Wall -Wextra"
Compiling scutimer
Running Make libs in ps7_cortexa9_0/libsrc/scuwdt_v2_1/src
make -C ps7_cortexa9_0/libsrc/scuwdt_v2_1/src -s libs  "SHELL=/bin/sh" "COMPILER=arm-none-eabi-gcc" "ARCHIVER=arm-none-eabi-ar" "COMPILER_FLAGS=  -O2 -c" "EXTRA_COMPILER_FLAGS=-mcpu=cortex-a9 -mfpu=vfpv3 -mfloat-abi=hard -nostartfiles -g -Wall -Wextra"
Compiling scuwdt
Running Make libs in ps7_cortexa9_0/libsrc/sdps_v3_6/src
make -C ps7_cortexa9_0/libsrc/sdps_v3_6/src -s libs  "SHELL=/bin/sh" "COMPILER=arm-none-eabi-gcc" "ARCHIVER=arm-none-eabi-ar" "COMPILER_FLAGS=  -O2 -c" "EXTRA_COMPILER_FLAGS=-mcpu=cortex-a9 -mfpu=vfpv3 -mfloat-abi=hard -nostartfiles -g -Wall -Wextra"
Compiling sdps
Running Make libs in ps7_cortexa9_0/libsrc/standalone_v6_8/src
make -C ps7_cortexa9_0/libsrc/standalone_v6_8/src -s libs  "SHELL=/bin/sh" "COMPILER=arm-none-eabi-gcc" "ARCHIVER=arm-none-eabi-ar" "COMPILER_FLAGS=  -O2 -c" "EXTRA_COMPILER_FLAGS=-mcpu=cortex-a9 -mfpu=vfpv3 -mfloat-abi=hard -nostartfiles -g -Wall -Wextra"
Compiling standalone
In file included from sleep.c:53:0:
xtime_l.h:87:9: note: #pragma message: For the sleep routines, Global timer is being used
 #pragma message ("For the sleep routines, Global timer is being used")
         ^~~~~~~
In file included from usleep.c:56:0:
xtime_l.h:87:9: note: #pragma message: For the sleep routines, Global timer is being used
 #pragma message ("For the sleep routines, Global timer is being used")
         ^~~~~~~
In file included from xil_sleeptimer.c:51:0:
xtime_l.h:87:9: note: #pragma message: For the sleep routines, Global timer is being used
 #pragma message ("For the sleep routines, Global timer is being used")
         ^~~~~~~
In file included from xtime_l.c:49:0:
xtime_l.h:87:9: note: #pragma message: For the sleep routines, Global timer is being used
 #pragma message ("For the sleep routines, Global timer is being used")
         ^~~~~~~
Running Make libs in ps7_cortexa9_0/libsrc/uartps_v3_7/src
make -C ps7_cortexa9_0/libsrc/uartps_v3_7/src -s libs  "SHELL=/bin/sh" "COMPILER=arm-none-eabi-gcc" "ARCHIVER=arm-none-eabi-ar" "COMPILER_FLAGS=  -O2 -c" "EXTRA_COMPILER_FLAGS=-mcpu=cortex-a9 -mfpu=vfpv3 -mfloat-abi=hard -nostartfiles -g -Wall -Wextra"
Compiling uartps
Running Make libs in ps7_cortexa9_0/libsrc/usbps_v2_4/src
make -C ps7_cortexa9_0/libsrc/usbps_v2_4/src -s libs  "SHELL=/bin/sh" "COMPILER=arm-none-eabi-gcc" "ARCHIVER=arm-none-eabi-ar" "COMPILER_FLAGS=  -O2 -c" "EXTRA_COMPILER_FLAGS=-mcpu=cortex-a9 -mfpu=vfpv3 -mfloat-abi=hard -nostartfiles -g -Wall -Wextra"
Compiling usbps
Running Make libs in ps7_cortexa9_0/libsrc/xadcps_v2_3/src
make -C ps7_cortexa9_0/libsrc/xadcps_v2_3/src -s libs  "SHELL=/bin/sh" "COMPILER=arm-none-eabi-gcc" "ARCHIVER=arm-none-eabi-ar" "COMPILER_FLAGS=  -O2 -c" "EXTRA_COMPILER_FLAGS=-mcpu=cortex-a9 -mfpu=vfpv3 -mfloat-abi=hard -nostartfiles -g -Wall -Wextra"
Compiling xadcps
Finished building libraries

**** Build of configuration Debug for project addSubtractFull ****

Nothing to build for project addSubtractFull
15:59:29 **** Auto Build of configuration Debug for project addSubtractFull ****
make pre-build main-build 
a9-linaro-pre-build-step
 
Building file: ../src/addSubtractFull.c
Invoking: ARM v7 gcc compiler
arm-none-eabi-gcc -Wall -O0 -g3 -c -fmessage-length=0 -MT"src/addSubtractFull.o" -mcpu=cortex-a9 -mfpu=vfpv3 -mfloat-abi=hard -I../../Lab_1_bsp/ps7_cortexa9_0/include -MMD -MP -MF"src/addSubtractFull.d" -MT"src/addSubtractFull.o" -o "src/addSubtractFull.o" "../src/addSubtractFull.c"
Finished building: ../src/addSubtractFull.c
 
Building target: addSubtractFull.elf
Invoking: ARM v7 gcc linker
arm-none-eabi-gcc -mcpu=cortex-a9 -mfpu=vfpv3 -mfloat-abi=hard -Wl,-build-id=none -specs=Xilinx.spec -Wl,-T -Wl,../src/lscript.ld -L../../Lab_1_bsp/ps7_cortexa9_0/lib -o "addSubtractFull.elf" ./src/addSubtractFull.o   -Wl,--start-group,-lxil,-lgcc,-lc,--end-group
../../Lab_1_bsp/ps7_cortexa9_0/lib/libxil.a(xil-crt0.o): In function `_start':
/home/josh/projects/ece1195/Lab-1True/Lab_1/Lab_1.sdk/Lab_1_bsp/ps7_cortexa9_0/libsrc/standalone_v6_8/src/xil-crt0.S:138: undefined reference to `main'
collect2: error: ld returned 1 exit status
make: *** [makefile:41: addSubtractFull.elf] Error 1
15:59:47 **** Auto Build of configuration Debug for project addSubtractFull ****
make pre-build main-build 
a9-linaro-pre-build-step
 
Building file: ../src/addSubtractFull.c
Invoking: ARM v7 gcc compiler
arm-none-eabi-gcc -Wall -O0 -g3 -c -fmessage-length=0 -MT"src/addSubtractFull.o" -mcpu=cortex-a9 -mfpu=vfpv3 -mfloat-abi=hard -I../../Lab_1_bsp/ps7_cortexa9_0/include -MMD -MP -MF"src/addSubtractFull.d" -MT"src/addSubtractFull.o" -o "src/addSubtractFull.o" "../src/addSubtractFull.c"
Finished building: ../src/addSubtractFull.c
 
Building target: addSubtractFull.elf
Invoking: ARM v7 gcc linker
arm-none-eabi-gcc -mcpu=cortex-a9 -mfpu=vfpv3 -mfloat-abi=hard -Wl,-build-id=none -specs=Xilinx.spec -Wl,-T -Wl,../src/lscript.ld -L../../Lab_1_bsp/ps7_cortexa9_0/lib -o "addSubtractFull.elf" ./src/addSubtractFull.o   -Wl,--start-group,-lxil,-lgcc,-lc,--end-group
../../Lab_1_bsp/ps7_cortexa9_0/lib/libxil.a(xil-crt0.o): In function `_start':
/home/josh/projects/ece1195/Lab-1True/Lab_1/Lab_1.sdk/Lab_1_bsp/ps7_cortexa9_0/libsrc/standalone_v6_8/src/xil-crt0.S:138: undefined reference to `main'
collect2: error: ld returned 1 exit status
make: *** [makefile:41: addSubtractFull.elf] Error 1
16:03:43 **** Auto Build of configuration Debug for project addSubtractFull ****
make pre-build main-build 
a9-linaro-pre-build-step
 
Building file: ../src/addSubtractFull.c
Invoking: ARM v7 gcc compiler
arm-none-eabi-gcc -Wall -O0 -g3 -c -fmessage-length=0 -MT"src/addSubtractFull.o" -mcpu=cortex-a9 -mfpu=vfpv3 -mfloat-abi=hard -I../../Lab_1_bsp/ps7_cortexa9_0/include -MMD -MP -MF"src/addSubtractFull.d" -MT"src/addSubtractFull.o" -o "src/addSubtractFull.o" "../src/addSubtractFull.c"
../src/addSubtractFull.c: In function 'main':
../src/addSubtractFull.c:8:21: error: 'j' undeclared (first use in this function)
         regmap[1] = j;
                     ^
../src/addSubtractFull.c:8:21: note: each undeclared identifier is reported only once for each function it appears in
../src/addSubtractFull.c:10:16: error: expected expression before '%' token
         printf(%2zu + %2zu = %3zu (%s)\n", i, j, r, (r == i+j) ? "COR" : "ERR");
                ^
../src/addSubtractFull.c:10:17: error: invalid suffix "zu" on integer constant
         printf(%2zu + %2zu = %3zu (%s)\n", i, j, r, (r == i+j) ? "COR" : "ERR");
                 ^~~
../src/addSubtractFull.c:10:24: error: invalid suffix "zu" on integer constant
         printf(%2zu + %2zu = %3zu (%s)\n", i, j, r, (r == i+j) ? "COR" : "ERR");
                        ^~~
../src/addSubtractFull.c:10:31: error: invalid suffix "zu" on integer constant
         printf(%2zu + %2zu = %3zu (%s)\n", i, j, r, (r == i+j) ? "COR" : "ERR");
                               ^~~
../src/addSubtractFull.c:10:39: error: stray '\' in program
         printf(%2zu + %2zu = %3zu (%s)\n", i, j, r, (r == i+j) ? "COR" : "ERR");
                                       ^
../src/addSubtractFull.c:10:78: warning: missing terminating " character
         printf(%2zu + %2zu = %3zu (%s)\n", i, j, r, (r == i+j) ? "COR" : "ERR");
                                                                              ^
../src/addSubtractFull.c:10:78: error: missing terminating " character
         printf(%2zu + %2zu = %3zu (%s)\n", i, j, r, (r == i+j) ? "COR" : "ERR");
                                                                              ^~~
../src/addSubtractFull.c:11:5: error: expected ';' before '}' token
     }
     ^
../src/addSubtractFull.c:9:16: warning: unused variable 'r' [-Wunused-variable]
         size_t r = regmap[3];
                ^
make: *** [src/subdir.mk:23: src/addSubtractFull.o] Error 1
16:04:40 **** Auto Build of configuration Debug for project addSubtractFull ****
make pre-build main-build 
a9-linaro-pre-build-step
 
Building file: ../src/addSubtractFull.c
Invoking: ARM v7 gcc compiler
arm-none-eabi-gcc -Wall -O0 -g3 -c -fmessage-length=0 -MT"src/addSubtractFull.o" -mcpu=cortex-a9 -mfpu=vfpv3 -mfloat-abi=hard -I../../Lab_1_bsp/ps7_cortexa9_0/include -MMD -MP -MF"src/addSubtractFull.d" -MT"src/addSubtractFull.o" -o "src/addSubtractFull.o" "../src/addSubtractFull.c"
../src/addSubtractFull.c: In function 'main':
../src/addSubtractFull.c:9:25: error: 'j' undeclared (first use in this function)
             regmap[1] = j;
                         ^
../src/addSubtractFull.c:9:25: note: each undeclared identifier is reported only once for each function it appears in
../src/addSubtractFull.c:11:20: error: expected expression before '%' token
             printf(%2zu + %2zu = %3zu (%s)\n", i, j, r, (r == i+j) ? "COR" : "ERR");
                    ^
../src/addSubtractFull.c:11:21: error: invalid suffix "zu" on integer constant
             printf(%2zu + %2zu = %3zu (%s)\n", i, j, r, (r == i+j) ? "COR" : "ERR");
                     ^~~
../src/addSubtractFull.c:11:28: error: invalid suffix "zu" on integer constant
             printf(%2zu + %2zu = %3zu (%s)\n", i, j, r, (r == i+j) ? "COR" : "ERR");
                            ^~~
../src/addSubtractFull.c:11:35: error: invalid suffix "zu" on integer constant
             printf(%2zu + %2zu = %3zu (%s)\n", i, j, r, (r == i+j) ? "COR" : "ERR");
                                   ^~~
../src/addSubtractFull.c:11:43: error: stray '\' in program
             printf(%2zu + %2zu = %3zu (%s)\n", i, j, r, (r == i+j) ? "COR" : "ERR");
                                           ^
../src/addSubtractFull.c:11:82: warning: missing terminating " character
             printf(%2zu + %2zu = %3zu (%s)\n", i, j, r, (r == i+j) ? "COR" : "ERR");
                                                                                  ^
../src/addSubtractFull.c:11:82: error: missing terminating " character
             printf(%2zu + %2zu = %3zu (%s)\n", i, j, r, (r == i+j) ? "COR" : "ERR");
                                                                                  ^~~
../src/addSubtractFull.c:12:9: error: expected ';' before '}' token
         }
         ^
../src/addSubtractFull.c:10:20: warning: unused variable 'r' [-Wunused-variable]
             size_t r = regmap[3];
                    ^
make: *** [src/subdir.mk:23: src/addSubtractFull.o] Error 1
16:04:56 **** Auto Build of configuration Debug for project addSubtractFull ****
make pre-build main-build 
a9-linaro-pre-build-step
 
Building file: ../src/addSubtractFull.c
Invoking: ARM v7 gcc compiler
arm-none-eabi-gcc -Wall -O0 -g3 -c -fmessage-length=0 -MT"src/addSubtractFull.o" -mcpu=cortex-a9 -mfpu=vfpv3 -mfloat-abi=hard -I../../Lab_1_bsp/ps7_cortexa9_0/include -MMD -MP -MF"src/addSubtractFull.d" -MT"src/addSubtractFull.o" -o "src/addSubtractFull.o" "../src/addSubtractFull.c"
../src/addSubtractFull.c: In function 'main':
../src/addSubtractFull.c:11:20: error: expected expression before '%' token
             printf(%2zu + %2zu = %3zu (%s)\n", i, j, r, (r == i+j) ? "COR" : "ERR");
                    ^
../src/addSubtractFull.c:11:21: error: invalid suffix "zu" on integer constant
             printf(%2zu + %2zu = %3zu (%s)\n", i, j, r, (r == i+j) ? "COR" : "ERR");
                     ^~~
../src/addSubtractFull.c:11:28: error: invalid suffix "zu" on integer constant
             printf(%2zu + %2zu = %3zu (%s)\n", i, j, r, (r == i+j) ? "COR" : "ERR");
                            ^~~
../src/addSubtractFull.c:11:35: error: invalid suffix "zu" on integer constant
             printf(%2zu + %2zu = %3zu (%s)\n", i, j, r, (r == i+j) ? "COR" : "ERR");
                                   ^~~
../src/addSubtractFull.c:11:43: error: stray '\' in program
             printf(%2zu + %2zu = %3zu (%s)\n", i, j, r, (r == i+j) ? "COR" : "ERR");
                                           ^
../src/addSubtractFull.c:11:82: warning: missing terminating " character
             printf(%2zu + %2zu = %3zu (%s)\n", i, j, r, (r == i+j) ? "COR" : "ERR");
                                                                                  ^
../src/addSubtractFull.c:11:82: error: missing terminating " character
             printf(%2zu + %2zu = %3zu (%s)\n", i, j, r, (r == i+j) ? "COR" : "ERR");
                                                                                  ^~~
../src/addSubtractFull.c:12:9: error: expected ';' before '}' token
         }
         ^
../src/addSubtractFull.c:10:20: warning: unused variable 'r' [-Wunused-variable]
             size_t r = regmap[3];
                    ^
make: *** [src/subdir.mk:23: src/addSubtractFull.o] Error 1
16:05:33 **** Auto Build of configuration Debug for project addSubtractFull ****
make pre-build main-build 
a9-linaro-pre-build-step
 
Building file: ../src/addSubtractFull.c
Invoking: ARM v7 gcc compiler
arm-none-eabi-gcc -Wall -O0 -g3 -c -fmessage-length=0 -MT"src/addSubtractFull.o" -mcpu=cortex-a9 -mfpu=vfpv3 -mfloat-abi=hard -I../../Lab_1_bsp/ps7_cortexa9_0/include -MMD -MP -MF"src/addSubtractFull.d" -MT"src/addSubtractFull.o" -o "src/addSubtractFull.o" "../src/addSubtractFull.c"
Finished building: ../src/addSubtractFull.c
 
Building target: addSubtractFull.elf
Invoking: ARM v7 gcc linker
arm-none-eabi-gcc -mcpu=cortex-a9 -mfpu=vfpv3 -mfloat-abi=hard -Wl,-build-id=none -specs=Xilinx.spec -Wl,-T -Wl,../src/lscript.ld -L../../Lab_1_bsp/ps7_cortexa9_0/lib -o "addSubtractFull.elf" ./src/addSubtractFull.o   -Wl,--start-group,-lxil,-lgcc,-lc,--end-group
Finished building target: addSubtractFull.elf
 
Invoking: ARM v7 Print Size
arm-none-eabi-size addSubtractFull.elf  |tee "addSubtractFull.elf.size"
   text	   data	    bss	    dec	    hex	filename
  70440	   2580	  23328	  96348	  1785c	addSubtractFull.elf
Finished building: addSubtractFull.elf.size
 
16:06:54 **** Auto Build of configuration Debug for project addSubtractFull ****
make pre-build main-build 
a9-linaro-pre-build-step
 
Building file: ../src/addSubtractFull.c
Invoking: ARM v7 gcc compiler
arm-none-eabi-gcc -Wall -O0 -g3 -c -fmessage-length=0 -MT"src/addSubtractFull.o" -mcpu=cortex-a9 -mfpu=vfpv3 -mfloat-abi=hard -I../../Lab_1_bsp/ps7_cortexa9_0/include -MMD -MP -MF"src/addSubtractFull.d" -MT"src/addSubtractFull.o" -o "src/addSubtractFull.o" "../src/addSubtractFull.c"
Finished building: ../src/addSubtractFull.c
 
Building target: addSubtractFull.elf
Invoking: ARM v7 gcc linker
arm-none-eabi-gcc -mcpu=cortex-a9 -mfpu=vfpv3 -mfloat-abi=hard -Wl,-build-id=none -specs=Xilinx.spec -Wl,-T -Wl,../src/lscript.ld -L../../Lab_1_bsp/ps7_cortexa9_0/lib -o "addSubtractFull.elf" ./src/addSubtractFull.o   -Wl,--start-group,-lxil,-lgcc,-lc,--end-group
Finished building target: addSubtractFull.elf
 
Invoking: ARM v7 Print Size
arm-none-eabi-size addSubtractFull.elf  |tee "addSubtractFull.elf.size"
   text	   data	    bss	    dec	    hex	filename
  70440	   2580	  23328	  96348	  1785c	addSubtractFull.elf
Finished building: addSubtractFull.elf.size
 
16:25:26 **** Auto Build of configuration Debug for project addSubtractFull ****
make pre-build main-build 
a9-linaro-pre-build-step
 
Building file: ../src/addSubtractFull.c
Invoking: ARM v7 gcc compiler
arm-none-eabi-gcc -Wall -O0 -g3 -c -fmessage-length=0 -MT"src/addSubtractFull.o" -mcpu=cortex-a9 -mfpu=vfpv3 -mfloat-abi=hard -I../../Lab_1_bsp/ps7_cortexa9_0/include -MMD -MP -MF"src/addSubtractFull.d" -MT"src/addSubtractFull.o" -o "src/addSubtractFull.o" "../src/addSubtractFull.c"
Finished building: ../src/addSubtractFull.c
 
Building target: addSubtractFull.elf
Invoking: ARM v7 gcc linker
arm-none-eabi-gcc -mcpu=cortex-a9 -mfpu=vfpv3 -mfloat-abi=hard -Wl,-build-id=none -specs=Xilinx.spec -Wl,-T -Wl,../src/lscript.ld -L../../Lab_1_bsp/ps7_cortexa9_0/lib -o "addSubtractFull.elf" ./src/addSubtractFull.o   -Wl,--start-group,-lxil,-lgcc,-lc,--end-group
Finished building target: addSubtractFull.elf
 
Invoking: ARM v7 Print Size
arm-none-eabi-size addSubtractFull.elf  |tee "addSubtractFull.elf.size"
   text	   data	    bss	    dec	    hex	filename
  70628	   2580	  23328	  96536	  17918	addSubtractFull.elf
Finished building: addSubtractFull.elf.size
 

**** Build of configuration Debug for project AddSubtractFull ****

Nothing to build for project AddSubtractFull
17:24:50 **** Auto Build of configuration Debug for project AddSubtractFull ****
make pre-build main-build 
a9-linaro-pre-build-step
' '
'Building file: ../src/AddSubtractFull.c'
'Invoking: ARM v7 gcc compiler'
arm-none-eabi-gcc -Wall -O0 -g3 -c -fmessage-length=0 -MT"src/AddSubtractFull.o" -mcpu=cortex-a9 -mfpu=vfpv3 -mfloat-abi=hard -I../../Lab_1_bsp/ps7_cortexa9_0/include -MMD -MP -MF"src/AddSubtractFull.d" -MT"src/AddSubtractFull.o" -o "src/AddSubtractFull.o" "../src/AddSubtractFull.c"
'Finished building: ../src/AddSubtractFull.c'
' '
'Building target: AddSubtractFull.elf'
'Invoking: ARM v7 gcc linker'
arm-none-eabi-gcc -mcpu=cortex-a9 -mfpu=vfpv3 -mfloat-abi=hard -Wl,-build-id=none -specs=Xilinx.spec -Wl,-T -Wl,../src/lscript.ld -L../../Lab_1_bsp/ps7_cortexa9_0/lib -o "AddSubtractFull.elf"  ./src/AddSubtractFull.o   -Wl,--start-group,-lxil,-lgcc,-lc,--end-group
../../Lab_1_bsp/ps7_cortexa9_0/lib\libxil.a(xil-crt0.o): In function `_start':
C:\Users\gman1\Documents\projects\ece1195\ECE1195-Lab-1\Lab_1\Lab_1.sdk\Lab_1_bsp\ps7_cortexa9_0\libsrc\standalone_v6_8\src/xil-crt0.S:138: undefined reference to `main'
collect2.exe: error: ld returned 1 exit status
make: *** [makefile:41: AddSubtractFull.elf] Error 1
17:25:10 **** Auto Build of configuration Debug for project AddSubtractFull ****
make pre-build main-build 
a9-linaro-pre-build-step
' '
'Building file: ../src/AddSubtractFull.c'
'Invoking: ARM v7 gcc compiler'
arm-none-eabi-gcc -Wall -O0 -g3 -c -fmessage-length=0 -MT"src/AddSubtractFull.o" -mcpu=cortex-a9 -mfpu=vfpv3 -mfloat-abi=hard -I../../Lab_1_bsp/ps7_cortexa9_0/include -MMD -MP -MF"src/AddSubtractFull.d" -MT"src/AddSubtractFull.o" -o "src/AddSubtractFull.o" "../src/AddSubtractFull.c"
'Finished building: ../src/AddSubtractFull.c'
' '
'Building target: AddSubtractFull.elf'
'Invoking: ARM v7 gcc linker'
arm-none-eabi-gcc -mcpu=cortex-a9 -mfpu=vfpv3 -mfloat-abi=hard -Wl,-build-id=none -specs=Xilinx.spec -Wl,-T -Wl,../src/lscript.ld -L../../Lab_1_bsp/ps7_cortexa9_0/lib -o "AddSubtractFull.elf"  ./src/AddSubtractFull.o   -Wl,--start-group,-lxil,-lgcc,-lc,--end-group
'Finished building target: AddSubtractFull.elf'
' '
'Invoking: ARM v7 Print Size'
arm-none-eabi-size AddSubtractFull.elf  |tee "AddSubtractFull.elf.size"
   text	   data	    bss	    dec	    hex	filename
  70440	   2580	  23328	  96348	  1785c	AddSubtractFull.elf
'Finished building: AddSubtractFull.elf.size'
' '
17:26:41 **** Auto Build of configuration Debug for project AddSubtractFull ****
make pre-build main-build 
a9-linaro-pre-build-step
' '
'Building file: ../src/AddSubtractFull.c'
'Invoking: ARM v7 gcc compiler'
arm-none-eabi-gcc -Wall -O0 -g3 -c -fmessage-length=0 -MT"src/AddSubtractFull.o" -mcpu=cortex-a9 -mfpu=vfpv3 -mfloat-abi=hard -I../../Lab_1_bsp/ps7_cortexa9_0/include -MMD -MP -MF"src/AddSubtractFull.d" -MT"src/AddSubtractFull.o" -o "src/AddSubtractFull.o" "../src/AddSubtractFull.c"
'Finished building: ../src/AddSubtractFull.c'
' '
'Building target: AddSubtractFull.elf'
'Invoking: ARM v7 gcc linker'
arm-none-eabi-gcc -mcpu=cortex-a9 -mfpu=vfpv3 -mfloat-abi=hard -Wl,-build-id=none -specs=Xilinx.spec -Wl,-T -Wl,../src/lscript.ld -L../../Lab_1_bsp/ps7_cortexa9_0/lib -o "AddSubtractFull.elf"  ./src/AddSubtractFull.o   -Wl,--start-group,-lxil,-lgcc,-lc,--end-group
'Finished building target: AddSubtractFull.elf'
' '
'Invoking: ARM v7 Print Size'
arm-none-eabi-size AddSubtractFull.elf  |tee "AddSubtractFull.elf.size"
   text	   data	    bss	    dec	    hex	filename
  70224	   2580	  23328	  96132	  17784	AddSubtractFull.elf
'Finished building: AddSubtractFull.elf.size'
' '
17:26:43 **** Auto Build of configuration Debug for project AddSubtractFull ****
make pre-build main-build 
a9-linaro-pre-build-step
' '
make: Nothing to be done for 'main-build'.
17:26:49 **** Auto Build of configuration Debug for project AddSubtractFull ****
make pre-build main-build 
a9-linaro-pre-build-step
' '
'Building file: ../src/AddSubtractFull.c'
'Invoking: ARM v7 gcc compiler'
arm-none-eabi-gcc -Wall -O0 -g3 -c -fmessage-length=0 -MT"src/AddSubtractFull.o" -mcpu=cortex-a9 -mfpu=vfpv3 -mfloat-abi=hard -I../../Lab_1_bsp/ps7_cortexa9_0/include -MMD -MP -MF"src/AddSubtractFull.d" -MT"src/AddSubtractFull.o" -o "src/AddSubtractFull.o" "../src/AddSubtractFull.c"
'Finished building: ../src/AddSubtractFull.c'
' '
'Building target: AddSubtractFull.elf'
'Invoking: ARM v7 gcc linker'
arm-none-eabi-gcc -mcpu=cortex-a9 -mfpu=vfpv3 -mfloat-abi=hard -Wl,-build-id=none -specs=Xilinx.spec -Wl,-T -Wl,../src/lscript.ld -L../../Lab_1_bsp/ps7_cortexa9_0/lib -o "AddSubtractFull.elf"  ./src/AddSubtractFull.o   -Wl,--start-group,-lxil,-lgcc,-lc,--end-group
'Finished building target: AddSubtractFull.elf'
' '
'Invoking: ARM v7 Print Size'
arm-none-eabi-size AddSubtractFull.elf  |tee "AddSubtractFull.elf.size"
   text	   data	    bss	    dec	    hex	filename
  31784	   2184	  22632	  56600	   dd18	AddSubtractFull.elf
'Finished building: AddSubtractFull.elf.size'
' '
17:27:58 **** Incremental Build of configuration Debug for project AddSubtractFull ****
make pre-build main-build 
a9-linaro-pre-build-step
' '
make: Nothing to be done for 'main-build'.
17:28:31 **** Incremental Build of configuration Debug for project AddSubtractFull ****
make pre-build main-build 
a9-linaro-pre-build-step
' '
make: Nothing to be done for 'main-build'.
17:28:59 **** Auto Build of configuration Debug for project AddSubtractFull ****
make pre-build main-build 
a9-linaro-pre-build-step
' '
'Building file: ../src/AddSubtractFull.c'
'Invoking: ARM v7 gcc compiler'
arm-none-eabi-gcc -Wall -O0 -g3 -c -fmessage-length=0 -MT"src/AddSubtractFull.o" -mcpu=cortex-a9 -mfpu=vfpv3 -mfloat-abi=hard -I../../Lab_1_bsp/ps7_cortexa9_0/include -MMD -MP -MF"src/AddSubtractFull.d" -MT"src/AddSubtractFull.o" -o "src/AddSubtractFull.o" "../src/AddSubtractFull.c"
'Finished building: ../src/AddSubtractFull.c'
' '
'Building target: AddSubtractFull.elf'
'Invoking: ARM v7 gcc linker'
arm-none-eabi-gcc -mcpu=cortex-a9 -mfpu=vfpv3 -mfloat-abi=hard -Wl,-build-id=none -specs=Xilinx.spec -Wl,-T -Wl,../src/lscript.ld -L../../Lab_1_bsp/ps7_cortexa9_0/lib -o "AddSubtractFull.elf"  ./src/AddSubtractFull.o   -Wl,--start-group,-lxil,-lgcc,-lc,--end-group
'Finished building target: AddSubtractFull.elf'
' '
'Invoking: ARM v7 Print Size'
arm-none-eabi-size AddSubtractFull.elf  |tee "AddSubtractFull.elf.size"
   text	   data	    bss	    dec	    hex	filename
  70628	   2580	  23328	  96536	  17918	AddSubtractFull.elf
'Finished building: AddSubtractFull.elf.size'
' '
17:29:27 **** Incremental Build of configuration Debug for project AddSubtractFull ****
make pre-build main-build 
a9-linaro-pre-build-step
' '
make: Nothing to be done for 'main-build'.
17:30:39 **** Auto Build of configuration Debug for project AddSubtractFull ****
make pre-build main-build 
a9-linaro-pre-build-step
' '
'Building file: ../src/AddSubtractFull.c'
'Invoking: ARM v7 gcc compiler'
arm-none-eabi-gcc -Wall -O0 -g3 -c -fmessage-length=0 -MT"src/AddSubtractFull.o" -mcpu=cortex-a9 -mfpu=vfpv3 -mfloat-abi=hard -I../../Lab_1_bsp/ps7_cortexa9_0/include -MMD -MP -MF"src/AddSubtractFull.d" -MT"src/AddSubtractFull.o" -o "src/AddSubtractFull.o" "../src/AddSubtractFull.c"
../src/AddSubtractFull.c: In function 'main':
../src/AddSubtractFull.c:11:12: warning: format '%zu' expects argument of type 'size_t', but argument 2 has type 'uint32_t {aka long unsigned int}' [-Wformat=]
 printf("%2zu\n", regmap[0])
         ~~~^     ~~~~~~~~~
         %2lu
../src/AddSubtractFull.c:12:1: error: expected ';' before 'printf'
 printf("%2zu + %2zu = %3zu (%s)\n", i, j, r, (r == i+j) ? "COR" : "ERR");
 ^~~~~~
../src/AddSubtractFull.c:10:8: warning: unused variable 'r' [-Wunused-variable]
 size_t r = regmap[0]; // read from register 0 (REG0_IN, output S of adder)
        ^
make: *** [src/subdir.mk:23: src/AddSubtractFull.o] Error 1
17:30:42 **** Auto Build of configuration Debug for project AddSubtractFull ****
make pre-build main-build 
a9-linaro-pre-build-step
' '
'Building file: ../src/AddSubtractFull.c'
'Invoking: ARM v7 gcc compiler'
arm-none-eabi-gcc -Wall -O0 -g3 -c -fmessage-length=0 -MT"src/AddSubtractFull.o" -mcpu=cortex-a9 -mfpu=vfpv3 -mfloat-abi=hard -I../../Lab_1_bsp/ps7_cortexa9_0/include -MMD -MP -MF"src/AddSubtractFull.d" -MT"src/AddSubtractFull.o" -o "src/AddSubtractFull.o" "../src/AddSubtractFull.c"
../src/AddSubtractFull.c: In function 'main':
../src/AddSubtractFull.c:11:12: warning: format '%zu' expects argument of type 'size_t', but argument 2 has type 'uint32_t {aka long unsigned int}' [-Wformat=]
 printf("%2zu\n", regmap[0]);
         ~~~^     ~~~~~~~~~
         %2lu
'Finished building: ../src/AddSubtractFull.c'
' '
'Building target: AddSubtractFull.elf'
'Invoking: ARM v7 gcc linker'
arm-none-eabi-gcc -mcpu=cortex-a9 -mfpu=vfpv3 -mfloat-abi=hard -Wl,-build-id=none -specs=Xilinx.spec -Wl,-T -Wl,../src/lscript.ld -L../../Lab_1_bsp/ps7_cortexa9_0/lib -o "AddSubtractFull.elf"  ./src/AddSubtractFull.o   -Wl,--start-group,-lxil,-lgcc,-lc,--end-group
'Finished building target: AddSubtractFull.elf'
' '
'Invoking: ARM v7 Print Size'
arm-none-eabi-size AddSubtractFull.elf  |tee "AddSubtractFull.elf.size"
   text	   data	    bss	    dec	    hex	filename
  70636	   2580	  23328	  96544	  17920	AddSubtractFull.elf
'Finished building: AddSubtractFull.elf.size'
' '
17:31:17 **** Incremental Build of configuration Debug for project AddSubtractFull ****
make pre-build main-build 
a9-linaro-pre-build-step
' '
make: Nothing to be done for 'main-build'.
17:57:12 **** Incremental Build of configuration Debug for project AddSubtractFull ****
make pre-build main-build 
a9-linaro-pre-build-step
' '
make: Nothing to be done for 'main-build'.
17:57:43 **** Auto Build of configuration Debug for project AddSubtractFull ****
make pre-build main-build 
a9-linaro-pre-build-step
' '
'Building file: ../src/AddSubtractFull.c'
'Invoking: ARM v7 gcc compiler'
arm-none-eabi-gcc -Wall -O0 -g3 -c -fmessage-length=0 -MT"src/AddSubtractFull.o" -mcpu=cortex-a9 -mfpu=vfpv3 -mfloat-abi=hard -I../../Lab_1_bsp/ps7_cortexa9_0/include -MMD -MP -MF"src/AddSubtractFull.d" -MT"src/AddSubtractFull.o" -o "src/AddSubtractFull.o" "../src/AddSubtractFull.c"
../src/AddSubtractFull.c: In function 'main':
../src/AddSubtractFull.c:11:12: warning: format '%zu' expects argument of type 'size_t', but argument 2 has type 'uint32_t {aka long unsigned int}' [-Wformat=]
 printf("%2zu\n", regmap[0]);
         ~~~^     ~~~~~~~~~
         %2lu
'Finished building: ../src/AddSubtractFull.c'
' '
'Building target: AddSubtractFull.elf'
'Invoking: ARM v7 gcc linker'
arm-none-eabi-gcc -mcpu=cortex-a9 -mfpu=vfpv3 -mfloat-abi=hard -Wl,-build-id=none -specs=Xilinx.spec -Wl,-T -Wl,../src/lscript.ld -L../../Lab_1_bsp/ps7_cortexa9_0/lib -o "AddSubtractFull.elf"  ./src/AddSubtractFull.o   -Wl,--start-group,-lxil,-lgcc,-lc,--end-group
'Finished building target: AddSubtractFull.elf'
' '
'Invoking: ARM v7 Print Size'
arm-none-eabi-size AddSubtractFull.elf  |tee "AddSubtractFull.elf.size"
   text	   data	    bss	    dec	    hex	filename
  70636	   2580	  23328	  96544	  17920	AddSubtractFull.elf
'Finished building: AddSubtractFull.elf.size'
' '
17:58:08 **** Incremental Build of configuration Debug for project AddSubtractFull ****
make pre-build main-build 
a9-linaro-pre-build-step
' '
make: Nothing to be done for 'main-build'.
17:58:40 **** Auto Build of configuration Debug for project AddSubtractFull ****
make pre-build main-build 
a9-linaro-pre-build-step
' '
'Building file: ../src/AddSubtractFull.c'
'Invoking: ARM v7 gcc compiler'
arm-none-eabi-gcc -Wall -O0 -g3 -c -fmessage-length=0 -MT"src/AddSubtractFull.o" -mcpu=cortex-a9 -mfpu=vfpv3 -mfloat-abi=hard -I../../Lab_1_bsp/ps7_cortexa9_0/include -MMD -MP -MF"src/AddSubtractFull.d" -MT"src/AddSubtractFull.o" -o "src/AddSubtractFull.o" "../src/AddSubtractFull.c"
'Finished building: ../src/AddSubtractFull.c'
' '
'Building target: AddSubtractFull.elf'
'Invoking: ARM v7 gcc linker'
arm-none-eabi-gcc -mcpu=cortex-a9 -mfpu=vfpv3 -mfloat-abi=hard -Wl,-build-id=none -specs=Xilinx.spec -Wl,-T -Wl,../src/lscript.ld -L../../Lab_1_bsp/ps7_cortexa9_0/lib -o "AddSubtractFull.elf"  ./src/AddSubtractFull.o   -Wl,--start-group,-lxil,-lgcc,-lc,--end-group
'Finished building target: AddSubtractFull.elf'
' '
'Invoking: ARM v7 Print Size'
arm-none-eabi-size AddSubtractFull.elf  |tee "AddSubtractFull.elf.size"
   text	   data	    bss	    dec	    hex	filename
  70628	   2580	  23328	  96536	  17918	AddSubtractFull.elf
'Finished building: AddSubtractFull.elf.size'
' '
17:59:12 **** Auto Build of configuration Debug for project AddSubtractFull ****
make pre-build main-build 
a9-linaro-pre-build-step
' '
'Building file: ../src/AddSubtractFull.c'
'Invoking: ARM v7 gcc compiler'
arm-none-eabi-gcc -Wall -O0 -g3 -c -fmessage-length=0 -MT"src/AddSubtractFull.o" -mcpu=cortex-a9 -mfpu=vfpv3 -mfloat-abi=hard -I../../Lab_1_bsp/ps7_cortexa9_0/include -MMD -MP -MF"src/AddSubtractFull.d" -MT"src/AddSubtractFull.o" -o "src/AddSubtractFull.o" "../src/AddSubtractFull.c"
'Finished building: ../src/AddSubtractFull.c'
' '
'Building target: AddSubtractFull.elf'
'Invoking: ARM v7 gcc linker'
arm-none-eabi-gcc -mcpu=cortex-a9 -mfpu=vfpv3 -mfloat-abi=hard -Wl,-build-id=none -specs=Xilinx.spec -Wl,-T -Wl,../src/lscript.ld -L../../Lab_1_bsp/ps7_cortexa9_0/lib -o "AddSubtractFull.elf"  ./src/AddSubtractFull.o   -Wl,--start-group,-lxil,-lgcc,-lc,--end-group
'Finished building target: AddSubtractFull.elf'
' '
'Invoking: ARM v7 Print Size'
arm-none-eabi-size AddSubtractFull.elf  |tee "AddSubtractFull.elf.size"
   text	   data	    bss	    dec	    hex	filename
  70628	   2580	  23328	  96536	  17918	AddSubtractFull.elf
'Finished building: AddSubtractFull.elf.size'
' '
18:01:17 **** Auto Build of configuration Debug for project AddSubtractFull ****
make pre-build main-build 
a9-linaro-pre-build-step
' '
'Building file: ../src/AddSubtractFull.c'
'Invoking: ARM v7 gcc compiler'
arm-none-eabi-gcc -Wall -O0 -g3 -c -fmessage-length=0 -MT"src/AddSubtractFull.o" -mcpu=cortex-a9 -mfpu=vfpv3 -mfloat-abi=hard -I../../Lab_1_bsp/ps7_cortexa9_0/include -MMD -MP -MF"src/AddSubtractFull.d" -MT"src/AddSubtractFull.o" -o "src/AddSubtractFull.o" "../src/AddSubtractFull.c"
../src/AddSubtractFull.c: In function 'main':
../src/AddSubtractFull.c:16:8: warning: implicit declaration of function 'time' [-Wimplicit-function-declaration]
  srand(time(NULL));
        ^~~~
'Finished building: ../src/AddSubtractFull.c'
' '
'Building target: AddSubtractFull.elf'
'Invoking: ARM v7 gcc linker'
arm-none-eabi-gcc -mcpu=cortex-a9 -mfpu=vfpv3 -mfloat-abi=hard -Wl,-build-id=none -specs=Xilinx.spec -Wl,-T -Wl,../src/lscript.ld -L../../Lab_1_bsp/ps7_cortexa9_0/lib -o "AddSubtractFull.elf"  ./src/AddSubtractFull.o   -Wl,--start-group,-lxil,-lgcc,-lc,--end-group
c:/xilinx/sdk/2018.3/gnu/aarch32/nt/gcc-arm-none-eabi/bin/../arm-none-eabi/libc/usr/lib/v7-a/fpv3/hard\libc.a(lib_a-gettimeofdayr.o): In function `_gettimeofday_r':
gettimeofdayr.c:(.text+0x24): undefined reference to `_gettimeofday'
collect2.exe: error: ld returned 1 exit status
make: *** [makefile:41: AddSubtractFull.elf] Error 1
18:01:29 **** Auto Build of configuration Debug for project AddSubtractFull ****
make pre-build main-build 
a9-linaro-pre-build-step
' '
'Building file: ../src/AddSubtractFull.c'
'Invoking: ARM v7 gcc compiler'
arm-none-eabi-gcc -Wall -O0 -g3 -c -fmessage-length=0 -MT"src/AddSubtractFull.o" -mcpu=cortex-a9 -mfpu=vfpv3 -mfloat-abi=hard -I../../Lab_1_bsp/ps7_cortexa9_0/include -MMD -MP -MF"src/AddSubtractFull.d" -MT"src/AddSubtractFull.o" -o "src/AddSubtractFull.o" "../src/AddSubtractFull.c"
../src/AddSubtractFull.c: In function 'main':
../src/AddSubtractFull.c:16:8: warning: implicit declaration of function 'time' [-Wimplicit-function-declaration]
  srand(time(NULL));
        ^~~~
../src/AddSubtractFull.c:21:9: warning: unused variable 'r' [-Wunused-variable]
  size_t r = regmap[3];
         ^
'Finished building: ../src/AddSubtractFull.c'
' '
'Building target: AddSubtractFull.elf'
'Invoking: ARM v7 gcc linker'
arm-none-eabi-gcc -mcpu=cortex-a9 -mfpu=vfpv3 -mfloat-abi=hard -Wl,-build-id=none -specs=Xilinx.spec -Wl,-T -Wl,../src/lscript.ld -L../../Lab_1_bsp/ps7_cortexa9_0/lib -o "AddSubtractFull.elf"  ./src/AddSubtractFull.o   -Wl,--start-group,-lxil,-lgcc,-lc,--end-group
c:/xilinx/sdk/2018.3/gnu/aarch32/nt/gcc-arm-none-eabi/bin/../arm-none-eabi/libc/usr/lib/v7-a/fpv3/hard\libc.a(lib_a-gettimeofdayr.o): In function `_gettimeofday_r':
gettimeofdayr.c:(.text+0x24): undefined reference to `_gettimeofday'
collect2.exe: error: ld returned 1 exit status
make: *** [makefile:41: AddSubtractFull.elf] Error 1
18:01:42 **** Auto Build of configuration Debug for project AddSubtractFull ****
make pre-build main-build 
a9-linaro-pre-build-step
' '
'Building file: ../src/AddSubtractFull.c'
'Invoking: ARM v7 gcc compiler'
arm-none-eabi-gcc -Wall -O0 -g3 -c -fmessage-length=0 -MT"src/AddSubtractFull.o" -mcpu=cortex-a9 -mfpu=vfpv3 -mfloat-abi=hard -I../../Lab_1_bsp/ps7_cortexa9_0/include -MMD -MP -MF"src/AddSubtractFull.d" -MT"src/AddSubtractFull.o" -o "src/AddSubtractFull.o" "../src/AddSubtractFull.c"
../src/AddSubtractFull.c: In function 'main':
../src/AddSubtractFull.c:16:8: warning: implicit declaration of function 'time' [-Wimplicit-function-declaration]
  srand(time(NULL));
        ^~~~
'Finished building: ../src/AddSubtractFull.c'
' '
'Building target: AddSubtractFull.elf'
'Invoking: ARM v7 gcc linker'
arm-none-eabi-gcc -mcpu=cortex-a9 -mfpu=vfpv3 -mfloat-abi=hard -Wl,-build-id=none -specs=Xilinx.spec -Wl,-T -Wl,../src/lscript.ld -L../../Lab_1_bsp/ps7_cortexa9_0/lib -o "AddSubtractFull.elf"  ./src/AddSubtractFull.o   -Wl,--start-group,-lxil,-lgcc,-lc,--end-group
c:/xilinx/sdk/2018.3/gnu/aarch32/nt/gcc-arm-none-eabi/bin/../arm-none-eabi/libc/usr/lib/v7-a/fpv3/hard\libc.a(lib_a-gettimeofdayr.o): In function `_gettimeofday_r':
gettimeofdayr.c:(.text+0x24): undefined reference to `_gettimeofday'
collect2.exe: error: ld returned 1 exit status
make: *** [makefile:41: AddSubtractFull.elf] Error 1
18:02:27 **** Auto Build of configuration Debug for project AddSubtractFull ****
make pre-build main-build 
a9-linaro-pre-build-step
' '
'Building file: ../src/AddSubtractFull.c'
'Invoking: ARM v7 gcc compiler'
arm-none-eabi-gcc -Wall -O0 -g3 -c -fmessage-length=0 -MT"src/AddSubtractFull.o" -mcpu=cortex-a9 -mfpu=vfpv3 -mfloat-abi=hard -I../../Lab_1_bsp/ps7_cortexa9_0/include -MMD -MP -MF"src/AddSubtractFull.d" -MT"src/AddSubtractFull.o" -o "src/AddSubtractFull.o" "../src/AddSubtractFull.c"
../src/AddSubtractFull.c: In function 'main':
../src/AddSubtractFull.c:16:8: warning: implicit declaration of function 'time' [-Wimplicit-function-declaration]
  srand(time(NULL));
        ^~~~
'Finished building: ../src/AddSubtractFull.c'
' '
'Building target: AddSubtractFull.elf'
'Invoking: ARM v7 gcc linker'
arm-none-eabi-gcc -mcpu=cortex-a9 -mfpu=vfpv3 -mfloat-abi=hard -Wl,-build-id=none -specs=Xilinx.spec -Wl,-T -Wl,../src/lscript.ld -L../../Lab_1_bsp/ps7_cortexa9_0/lib -o "AddSubtractFull.elf"  ./src/AddSubtractFull.o   -Wl,--start-group,-lxil,-lgcc,-lc,--end-group
c:/xilinx/sdk/2018.3/gnu/aarch32/nt/gcc-arm-none-eabi/bin/../arm-none-eabi/libc/usr/lib/v7-a/fpv3/hard\libc.a(lib_a-gettimeofdayr.o): In function `_gettimeofday_r':
gettimeofdayr.c:(.text+0x24): undefined reference to `_gettimeofday'
collect2.exe: error: ld returned 1 exit status
make: *** [makefile:41: AddSubtractFull.elf] Error 1
18:03:07 **** Auto Build of configuration Debug for project AddSubtractFull ****
make pre-build main-build 
a9-linaro-pre-build-step
' '
'Building file: ../src/AddSubtractFull.c'
'Invoking: ARM v7 gcc compiler'
arm-none-eabi-gcc -Wall -O0 -g3 -c -fmessage-length=0 -MT"src/AddSubtractFull.o" -mcpu=cortex-a9 -mfpu=vfpv3 -mfloat-abi=hard -I../../Lab_1_bsp/ps7_cortexa9_0/include -MMD -MP -MF"src/AddSubtractFull.d" -MT"src/AddSubtractFull.o" -o "src/AddSubtractFull.o" "../src/AddSubtractFull.c"
'Finished building: ../src/AddSubtractFull.c'
' '
'Building target: AddSubtractFull.elf'
'Invoking: ARM v7 gcc linker'
arm-none-eabi-gcc -mcpu=cortex-a9 -mfpu=vfpv3 -mfloat-abi=hard -Wl,-build-id=none -specs=Xilinx.spec -Wl,-T -Wl,../src/lscript.ld -L../../Lab_1_bsp/ps7_cortexa9_0/lib -o "AddSubtractFull.elf"  ./src/AddSubtractFull.o   -Wl,--start-group,-lxil,-lgcc,-lc,--end-group
c:/xilinx/sdk/2018.3/gnu/aarch32/nt/gcc-arm-none-eabi/bin/../arm-none-eabi/libc/usr/lib/v7-a/fpv3/hard\libc.a(lib_a-gettimeofdayr.o): In function `_gettimeofday_r':
gettimeofdayr.c:(.text+0x24): undefined reference to `_gettimeofday'
collect2.exe: error: ld returned 1 exit status
make: *** [makefile:41: AddSubtractFull.elf] Error 1
18:03:09 **** Auto Build of configuration Debug for project AddSubtractFull ****
make pre-build main-build 
a9-linaro-pre-build-step
' '
'Building file: ../src/AddSubtractFull.c'
'Invoking: ARM v7 gcc compiler'
arm-none-eabi-gcc -Wall -O0 -g3 -c -fmessage-length=0 -MT"src/AddSubtractFull.o" -mcpu=cortex-a9 -mfpu=vfpv3 -mfloat-abi=hard -I../../Lab_1_bsp/ps7_cortexa9_0/include -MMD -MP -MF"src/AddSubtractFull.d" -MT"src/AddSubtractFull.o" -o "src/AddSubtractFull.o" "../src/AddSubtractFull.c"
'Finished building: ../src/AddSubtractFull.c'
' '
'Building target: AddSubtractFull.elf'
'Invoking: ARM v7 gcc linker'
arm-none-eabi-gcc -mcpu=cortex-a9 -mfpu=vfpv3 -mfloat-abi=hard -Wl,-build-id=none -specs=Xilinx.spec -Wl,-T -Wl,../src/lscript.ld -L../../Lab_1_bsp/ps7_cortexa9_0/lib -o "AddSubtractFull.elf"  ./src/AddSubtractFull.o   -Wl,--start-group,-lxil,-lgcc,-lc,--end-group
c:/xilinx/sdk/2018.3/gnu/aarch32/nt/gcc-arm-none-eabi/bin/../arm-none-eabi/libc/usr/lib/v7-a/fpv3/hard\libc.a(lib_a-gettimeofdayr.o): In function `_gettimeofday_r':
gettimeofdayr.c:(.text+0x24): undefined reference to `_gettimeofday'
collect2.exe: error: ld returned 1 exit status
make: *** [makefile:41: AddSubtractFull.elf] Error 1
18:05:20 **** Auto Build of configuration Debug for project AddSubtractFull ****
make pre-build main-build 
a9-linaro-pre-build-step
' '
'Building file: ../src/AddSubtractFull.c'
'Invoking: ARM v7 gcc compiler'
arm-none-eabi-gcc -Wall -O0 -g3 -c -fmessage-length=0 -MT"src/AddSubtractFull.o" -mcpu=cortex-a9 -mfpu=vfpv3 -mfloat-abi=hard -I../../Lab_1_bsp/ps7_cortexa9_0/include -MMD -MP -MF"src/AddSubtractFull.d" -MT"src/AddSubtractFull.o" -o "src/AddSubtractFull.o" "../src/AddSubtractFull.c"
../src/AddSubtractFull.c: In function 'main':
../src/AddSubtractFull.c:17:8: warning: implicit declaration of function 'time' [-Wimplicit-function-declaration]
  srand(time(NULL));
        ^~~~
'Finished building: ../src/AddSubtractFull.c'
' '
'Building target: AddSubtractFull.elf'
'Invoking: ARM v7 gcc linker'
arm-none-eabi-gcc -mcpu=cortex-a9 -mfpu=vfpv3 -mfloat-abi=hard -Wl,-build-id=none -specs=Xilinx.spec -Wl,-T -Wl,../src/lscript.ld -L../../Lab_1_bsp/ps7_cortexa9_0/lib -o "AddSubtractFull.elf"  ./src/AddSubtractFull.o   -Wl,--start-group,-lxil,-lgcc,-lc,--end-group
c:/xilinx/sdk/2018.3/gnu/aarch32/nt/gcc-arm-none-eabi/bin/../arm-none-eabi/libc/usr/lib/v7-a/fpv3/hard\libc.a(lib_a-gettimeofdayr.o): In function `_gettimeofday_r':
gettimeofdayr.c:(.text+0x24): undefined reference to `_gettimeofday'
collect2.exe: error: ld returned 1 exit status
make: *** [makefile:41: AddSubtractFull.elf] Error 1
18:05:25 **** Auto Build of configuration Debug for project AddSubtractFull ****
make pre-build main-build 
a9-linaro-pre-build-step
' '
'Building file: ../src/AddSubtractFull.c'
'Invoking: ARM v7 gcc compiler'
arm-none-eabi-gcc -Wall -O0 -g3 -c -fmessage-length=0 -MT"src/AddSubtractFull.o" -mcpu=cortex-a9 -mfpu=vfpv3 -mfloat-abi=hard -I../../Lab_1_bsp/ps7_cortexa9_0/include -MMD -MP -MF"src/AddSubtractFull.d" -MT"src/AddSubtractFull.o" -o "src/AddSubtractFull.o" "../src/AddSubtractFull.c"
'Finished building: ../src/AddSubtractFull.c'
' '
'Building target: AddSubtractFull.elf'
'Invoking: ARM v7 gcc linker'
arm-none-eabi-gcc -mcpu=cortex-a9 -mfpu=vfpv3 -mfloat-abi=hard -Wl,-build-id=none -specs=Xilinx.spec -Wl,-T -Wl,../src/lscript.ld -L../../Lab_1_bsp/ps7_cortexa9_0/lib -o "AddSubtractFull.elf"  ./src/AddSubtractFull.o   -Wl,--start-group,-lxil,-lgcc,-lc,--end-group
'Finished building target: AddSubtractFull.elf'
' '
'Invoking: ARM v7 Print Size'
arm-none-eabi-size AddSubtractFull.elf  |tee "AddSubtractFull.elf.size"
   text	   data	    bss	    dec	    hex	filename
  70884	   2580	  23328	  96792	  17a18	AddSubtractFull.elf
'Finished building: AddSubtractFull.elf.size'
' '
18:05:30 **** Auto Build of configuration Debug for project AddSubtractFull ****
make pre-build main-build 
a9-linaro-pre-build-step
' '
'Building file: ../src/AddSubtractFull.c'
'Invoking: ARM v7 gcc compiler'
arm-none-eabi-gcc -Wall -O0 -g3 -c -fmessage-length=0 -MT"src/AddSubtractFull.o" -mcpu=cortex-a9 -mfpu=vfpv3 -mfloat-abi=hard -I../../Lab_1_bsp/ps7_cortexa9_0/include -MMD -MP -MF"src/AddSubtractFull.d" -MT"src/AddSubtractFull.o" -o "src/AddSubtractFull.o" "../src/AddSubtractFull.c"
../src/AddSubtractFull.c: In function 'main':
../src/AddSubtractFull.c:17:2: error: too few arguments to function 'srand'
  srand();
  ^~~~~
In file included from c:\xilinx\sdk\2018.3\gnu\aarch32\nt\gcc-arm-none-eabi\arm-none-eabi\libc\usr\include\stdio.h:29:0,
                 from ../src/AddSubtractFull.c:1:
c:\xilinx\sdk\2018.3\gnu\aarch32\nt\gcc-arm-none-eabi\arm-none-eabi\libc\usr\include\stdlib.h:147:7: note: declared here
 _VOID _EXFUN(srand,(unsigned __seed));
       ^
make: *** [src/subdir.mk:23: src/AddSubtractFull.o] Error 1
18:05:33 **** Auto Build of configuration Debug for project AddSubtractFull ****
make pre-build main-build 
a9-linaro-pre-build-step
' '
'Building file: ../src/AddSubtractFull.c'
'Invoking: ARM v7 gcc compiler'
arm-none-eabi-gcc -Wall -O0 -g3 -c -fmessage-length=0 -MT"src/AddSubtractFull.o" -mcpu=cortex-a9 -mfpu=vfpv3 -mfloat-abi=hard -I../../Lab_1_bsp/ps7_cortexa9_0/include -MMD -MP -MF"src/AddSubtractFull.d" -MT"src/AddSubtractFull.o" -o "src/AddSubtractFull.o" "../src/AddSubtractFull.c"
'Finished building: ../src/AddSubtractFull.c'
' '
'Building target: AddSubtractFull.elf'
'Invoking: ARM v7 gcc linker'
arm-none-eabi-gcc -mcpu=cortex-a9 -mfpu=vfpv3 -mfloat-abi=hard -Wl,-build-id=none -specs=Xilinx.spec -Wl,-T -Wl,../src/lscript.ld -L../../Lab_1_bsp/ps7_cortexa9_0/lib -o "AddSubtractFull.elf"  ./src/AddSubtractFull.o   -Wl,--start-group,-lxil,-lgcc,-lc,--end-group
'Finished building target: AddSubtractFull.elf'
' '
'Invoking: ARM v7 Print Size'
arm-none-eabi-size AddSubtractFull.elf  |tee "AddSubtractFull.elf.size"
   text	   data	    bss	    dec	    hex	filename
  70884	   2580	  23328	  96792	  17a18	AddSubtractFull.elf
'Finished building: AddSubtractFull.elf.size'
' '
18:06:01 **** Incremental Build of configuration Debug for project AddSubtractFull ****
make pre-build main-build 
a9-linaro-pre-build-step
' '
make: Nothing to be done for 'main-build'.
18:08:33 **** Auto Build of configuration Debug for project AddSubtractFull ****
make pre-build main-build 
a9-linaro-pre-build-step
' '
'Building file: ../src/AddSubtractFull.c'
'Invoking: ARM v7 gcc compiler'
arm-none-eabi-gcc -Wall -O0 -g3 -c -fmessage-length=0 -MT"src/AddSubtractFull.o" -mcpu=cortex-a9 -mfpu=vfpv3 -mfloat-abi=hard -I../../Lab_1_bsp/ps7_cortexa9_0/include -MMD -MP -MF"src/AddSubtractFull.d" -MT"src/AddSubtractFull.o" -o "src/AddSubtractFull.o" "../src/AddSubtractFull.c"
'Finished building: ../src/AddSubtractFull.c'
' '
'Building target: AddSubtractFull.elf'
'Invoking: ARM v7 gcc linker'
arm-none-eabi-gcc -mcpu=cortex-a9 -mfpu=vfpv3 -mfloat-abi=hard -Wl,-build-id=none -specs=Xilinx.spec -Wl,-T -Wl,../src/lscript.ld -L../../Lab_1_bsp/ps7_cortexa9_0/lib -o "AddSubtractFull.elf"  ./src/AddSubtractFull.o   -Wl,--start-group,-lxil,-lgcc,-lc,--end-group
'Finished building target: AddSubtractFull.elf'
' '
'Invoking: ARM v7 Print Size'
arm-none-eabi-size AddSubtractFull.elf  |tee "AddSubtractFull.elf.size"
   text	   data	    bss	    dec	    hex	filename
  71268	   2580	  23328	  97176	  17b98	AddSubtractFull.elf
'Finished building: AddSubtractFull.elf.size'
' '
18:08:40 **** Auto Build of configuration Debug for project AddSubtractFull ****
make pre-build main-build 
a9-linaro-pre-build-step
' '
'Building file: ../src/AddSubtractFull.c'
'Invoking: ARM v7 gcc compiler'
arm-none-eabi-gcc -Wall -O0 -g3 -c -fmessage-length=0 -MT"src/AddSubtractFull.o" -mcpu=cortex-a9 -mfpu=vfpv3 -mfloat-abi=hard -I../../Lab_1_bsp/ps7_cortexa9_0/include -MMD -MP -MF"src/AddSubtractFull.d" -MT"src/AddSubtractFull.o" -o "src/AddSubtractFull.o" "../src/AddSubtractFull.c"
../src/AddSubtractFull.c: In function 'main':
../src/AddSubtractFull.c:26:2: error: expected ';' before 'for'
  for (size_t i = 0; i < 16; i++) {
  ^~~
make: *** [src/subdir.mk:23: src/AddSubtractFull.o] Error 1
18:08:43 **** Auto Build of configuration Debug for project AddSubtractFull ****
make pre-build main-build 
a9-linaro-pre-build-step
' '
'Building file: ../src/AddSubtractFull.c'
'Invoking: ARM v7 gcc compiler'
arm-none-eabi-gcc -Wall -O0 -g3 -c -fmessage-length=0 -MT"src/AddSubtractFull.o" -mcpu=cortex-a9 -mfpu=vfpv3 -mfloat-abi=hard -I../../Lab_1_bsp/ps7_cortexa9_0/include -MMD -MP -MF"src/AddSubtractFull.d" -MT"src/AddSubtractFull.o" -o "src/AddSubtractFull.o" "../src/AddSubtractFull.c"
'Finished building: ../src/AddSubtractFull.c'
' '
'Building target: AddSubtractFull.elf'
'Invoking: ARM v7 gcc linker'
arm-none-eabi-gcc -mcpu=cortex-a9 -mfpu=vfpv3 -mfloat-abi=hard -Wl,-build-id=none -specs=Xilinx.spec -Wl,-T -Wl,../src/lscript.ld -L../../Lab_1_bsp/ps7_cortexa9_0/lib -o "AddSubtractFull.elf"  ./src/AddSubtractFull.o   -Wl,--start-group,-lxil,-lgcc,-lc,--end-group
'Finished building target: AddSubtractFull.elf'
' '
'Invoking: ARM v7 Print Size'
arm-none-eabi-size AddSubtractFull.elf  |tee "AddSubtractFull.elf.size"
   text	   data	    bss	    dec	    hex	filename
  71332	   2580	  23328	  97240	  17bd8	AddSubtractFull.elf
'Finished building: AddSubtractFull.elf.size'
' '
18:09:05 **** Auto Build of configuration Debug for project AddSubtractFull ****
make pre-build main-build 
a9-linaro-pre-build-step
' '
'Building file: ../src/AddSubtractFull.c'
'Invoking: ARM v7 gcc compiler'
arm-none-eabi-gcc -Wall -O0 -g3 -c -fmessage-length=0 -MT"src/AddSubtractFull.o" -mcpu=cortex-a9 -mfpu=vfpv3 -mfloat-abi=hard -I../../Lab_1_bsp/ps7_cortexa9_0/include -MMD -MP -MF"src/AddSubtractFull.d" -MT"src/AddSubtractFull.o" -o "src/AddSubtractFull.o" "../src/AddSubtractFull.c"
../src/AddSubtractFull.c: In function 'main':
../src/AddSubtractFull.c:44:2: error: expected ';' before 'return'
  return 0;
  ^~~~~~
make: *** [src/subdir.mk:23: src/AddSubtractFull.o] Error 1
18:09:07 **** Auto Build of configuration Debug for project AddSubtractFull ****
make pre-build main-build 
a9-linaro-pre-build-step
' '
'Building file: ../src/AddSubtractFull.c'
'Invoking: ARM v7 gcc compiler'
arm-none-eabi-gcc -Wall -O0 -g3 -c -fmessage-length=0 -MT"src/AddSubtractFull.o" -mcpu=cortex-a9 -mfpu=vfpv3 -mfloat-abi=hard -I../../Lab_1_bsp/ps7_cortexa9_0/include -MMD -MP -MF"src/AddSubtractFull.d" -MT"src/AddSubtractFull.o" -o "src/AddSubtractFull.o" "../src/AddSubtractFull.c"
'Finished building: ../src/AddSubtractFull.c'
' '
'Building target: AddSubtractFull.elf'
'Invoking: ARM v7 gcc linker'
arm-none-eabi-gcc -mcpu=cortex-a9 -mfpu=vfpv3 -mfloat-abi=hard -Wl,-build-id=none -specs=Xilinx.spec -Wl,-T -Wl,../src/lscript.ld -L../../Lab_1_bsp/ps7_cortexa9_0/lib -o "AddSubtractFull.elf"  ./src/AddSubtractFull.o   -Wl,--start-group,-lxil,-lgcc,-lc,--end-group
'Finished building target: AddSubtractFull.elf'
' '
'Invoking: ARM v7 Print Size'
arm-none-eabi-size AddSubtractFull.elf  |tee "AddSubtractFull.elf.size"
   text	   data	    bss	    dec	    hex	filename
  71332	   2580	  23328	  97240	  17bd8	AddSubtractFull.elf
'Finished building: AddSubtractFull.elf.size'
' '
18:09:40 **** Auto Build of configuration Debug for project AddSubtractFull ****
make pre-build main-build 
a9-linaro-pre-build-step
' '
'Building file: ../src/AddSubtractFull.c'
'Invoking: ARM v7 gcc compiler'
arm-none-eabi-gcc -Wall -O0 -g3 -c -fmessage-length=0 -MT"src/AddSubtractFull.o" -mcpu=cortex-a9 -mfpu=vfpv3 -mfloat-abi=hard -I../../Lab_1_bsp/ps7_cortexa9_0/include -MMD -MP -MF"src/AddSubtractFull.d" -MT"src/AddSubtractFull.o" -o "src/AddSubtractFull.o" "../src/AddSubtractFull.c"
'Finished building: ../src/AddSubtractFull.c'
' '
'Building target: AddSubtractFull.elf'
'Invoking: ARM v7 gcc linker'
arm-none-eabi-gcc -mcpu=cortex-a9 -mfpu=vfpv3 -mfloat-abi=hard -Wl,-build-id=none -specs=Xilinx.spec -Wl,-T -Wl,../src/lscript.ld -L../../Lab_1_bsp/ps7_cortexa9_0/lib -o "AddSubtractFull.elf"  ./src/AddSubtractFull.o   -Wl,--start-group,-lxil,-lgcc,-lc,--end-group
'Finished building target: AddSubtractFull.elf'
' '
'Invoking: ARM v7 Print Size'
arm-none-eabi-size AddSubtractFull.elf  |tee "AddSubtractFull.elf.size"
   text	   data	    bss	    dec	    hex	filename
  71460	   2580	  23328	  97368	  17c58	AddSubtractFull.elf
'Finished building: AddSubtractFull.elf.size'
' '
18:10:24 **** Auto Build of configuration Debug for project AddSubtractFull ****
make pre-build main-build 
a9-linaro-pre-build-step
' '
'Building file: ../src/AddSubtractFull.c'
'Invoking: ARM v7 gcc compiler'
arm-none-eabi-gcc -Wall -O0 -g3 -c -fmessage-length=0 -MT"src/AddSubtractFull.o" -mcpu=cortex-a9 -mfpu=vfpv3 -mfloat-abi=hard -I../../Lab_1_bsp/ps7_cortexa9_0/include -MMD -MP -MF"src/AddSubtractFull.d" -MT"src/AddSubtractFull.o" -o "src/AddSubtractFull.o" "../src/AddSubtractFull.c"
'Finished building: ../src/AddSubtractFull.c'
' '
'Building target: AddSubtractFull.elf'
'Invoking: ARM v7 gcc linker'
arm-none-eabi-gcc -mcpu=cortex-a9 -mfpu=vfpv3 -mfloat-abi=hard -Wl,-build-id=none -specs=Xilinx.spec -Wl,-T -Wl,../src/lscript.ld -L../../Lab_1_bsp/ps7_cortexa9_0/lib -o "AddSubtractFull.elf"  ./src/AddSubtractFull.o   -Wl,--start-group,-lxil,-lgcc,-lc,--end-group
'Finished building target: AddSubtractFull.elf'
' '
'Invoking: ARM v7 Print Size'
arm-none-eabi-size AddSubtractFull.elf  |tee "AddSubtractFull.elf.size"
   text	   data	    bss	    dec	    hex	filename
  71460	   2580	  23328	  97368	  17c58	AddSubtractFull.elf
'Finished building: AddSubtractFull.elf.size'
' '
18:11:03 **** Auto Build of configuration Debug for project AddSubtractFull ****
make pre-build main-build 
a9-linaro-pre-build-step
' '
'Building file: ../src/AddSubtractFull.c'
'Invoking: ARM v7 gcc compiler'
arm-none-eabi-gcc -Wall -O0 -g3 -c -fmessage-length=0 -MT"src/AddSubtractFull.o" -mcpu=cortex-a9 -mfpu=vfpv3 -mfloat-abi=hard -I../../Lab_1_bsp/ps7_cortexa9_0/include -MMD -MP -MF"src/AddSubtractFull.d" -MT"src/AddSubtractFull.o" -o "src/AddSubtractFull.o" "../src/AddSubtractFull.c"
../src/AddSubtractFull.c: In function 'main':
../src/AddSubtractFull.c:50:9: error: redefinition of 'i'
  size_t i = 2147483647;
         ^
../src/AddSubtractFull.c:44:9: note: previous definition of 'i' was here
  size_t i = 2147483647;
         ^
../src/AddSubtractFull.c:51:9: error: redefinition of 'j'
  size_t j = 2147483647;
         ^
../src/AddSubtractFull.c:45:9: note: previous definition of 'j' was here
  size_t j = 2147483647;
         ^
../src/AddSubtractFull.c:54:9: error: redefinition of 'r'
  size_t r = regmap[3];
         ^
../src/AddSubtractFull.c:48:9: note: previous definition of 'r' was here
  size_t r = regmap[3];
         ^
make: *** [src/subdir.mk:23: src/AddSubtractFull.o] Error 1
18:24:55 **** Auto Build of configuration Debug for project AddSubtractFull ****
make pre-build main-build 
a9-linaro-pre-build-step
' '
'Building file: ../src/AddSubtractFull.c'
'Invoking: ARM v7 gcc compiler'
arm-none-eabi-gcc -Wall -O0 -g3 -c -fmessage-length=0 -MT"src/AddSubtractFull.o" -mcpu=cortex-a9 -mfpu=vfpv3 -mfloat-abi=hard -I../../Lab_1_bsp/ps7_cortexa9_0/include -MMD -MP -MF"src/AddSubtractFull.d" -MT"src/AddSubtractFull.o" -o "src/AddSubtractFull.o" "../src/AddSubtractFull.c"
'Finished building: ../src/AddSubtractFull.c'
' '
'Building target: AddSubtractFull.elf'
'Invoking: ARM v7 gcc linker'
arm-none-eabi-gcc -mcpu=cortex-a9 -mfpu=vfpv3 -mfloat-abi=hard -Wl,-build-id=none -specs=Xilinx.spec -Wl,-T -Wl,../src/lscript.ld -L../../Lab_1_bsp/ps7_cortexa9_0/lib -o "AddSubtractFull.elf"  ./src/AddSubtractFull.o   -Wl,--start-group,-lxil,-lgcc,-lc,--end-group
'Finished building target: AddSubtractFull.elf'
' '
'Invoking: ARM v7 Print Size'
arm-none-eabi-size AddSubtractFull.elf  |tee "AddSubtractFull.elf.size"
   text	   data	    bss	    dec	    hex	filename
  72196	   2580	  23328	  98104	  17f38	AddSubtractFull.elf
'Finished building: AddSubtractFull.elf.size'
' '
18:25:23 **** Incremental Build of configuration Debug for project AddSubtractFull ****
make pre-build main-build 
a9-linaro-pre-build-step
' '
make: Nothing to be done for 'main-build'.
18:27:03 **** Incremental Build of configuration Debug for project AddSubtractFull ****
make pre-build main-build 
a9-linaro-pre-build-step
' '
make: Nothing to be done for 'main-build'.
18:27:46 **** Auto Build of configuration Debug for project AddSubtractFull ****
make pre-build main-build 
a9-linaro-pre-build-step
' '
'Building file: ../src/AddSubtractFull.c'
'Invoking: ARM v7 gcc compiler'
arm-none-eabi-gcc -Wall -O0 -g3 -c -fmessage-length=0 -MT"src/AddSubtractFull.o" -mcpu=cortex-a9 -mfpu=vfpv3 -mfloat-abi=hard -I../../Lab_1_bsp/ps7_cortexa9_0/include -MMD -MP -MF"src/AddSubtractFull.d" -MT"src/AddSubtractFull.o" -o "src/AddSubtractFull.o" "../src/AddSubtractFull.c"
'Finished building: ../src/AddSubtractFull.c'
' '
'Building target: AddSubtractFull.elf'
'Invoking: ARM v7 gcc linker'
arm-none-eabi-gcc -mcpu=cortex-a9 -mfpu=vfpv3 -mfloat-abi=hard -Wl,-build-id=none -specs=Xilinx.spec -Wl,-T -Wl,../src/lscript.ld -L../../Lab_1_bsp/ps7_cortexa9_0/lib -o "AddSubtractFull.elf"  ./src/AddSubtractFull.o   -Wl,--start-group,-lxil,-lgcc,-lc,--end-group
'Finished building target: AddSubtractFull.elf'
' '
'Invoking: ARM v7 Print Size'
arm-none-eabi-size AddSubtractFull.elf  |tee "AddSubtractFull.elf.size"
   text	   data	    bss	    dec	    hex	filename
  72228	   2580	  23328	  98136	  17f58	AddSubtractFull.elf
'Finished building: AddSubtractFull.elf.size'
' '
18:28:25 **** Auto Build of configuration Debug for project AddSubtractFull ****
make pre-build main-build 
a9-linaro-pre-build-step
' '
'Building file: ../src/AddSubtractFull.c'
'Invoking: ARM v7 gcc compiler'
arm-none-eabi-gcc -Wall -O0 -g3 -c -fmessage-length=0 -MT"src/AddSubtractFull.o" -mcpu=cortex-a9 -mfpu=vfpv3 -mfloat-abi=hard -I../../Lab_1_bsp/ps7_cortexa9_0/include -MMD -MP -MF"src/AddSubtractFull.d" -MT"src/AddSubtractFull.o" -o "src/AddSubtractFull.o" "../src/AddSubtractFull.c"
'Finished building: ../src/AddSubtractFull.c'
' '
'Building target: AddSubtractFull.elf'
'Invoking: ARM v7 gcc linker'
arm-none-eabi-gcc -mcpu=cortex-a9 -mfpu=vfpv3 -mfloat-abi=hard -Wl,-build-id=none -specs=Xilinx.spec -Wl,-T -Wl,../src/lscript.ld -L../../Lab_1_bsp/ps7_cortexa9_0/lib -o "AddSubtractFull.elf"  ./src/AddSubtractFull.o   -Wl,--start-group,-lxil,-lgcc,-lc,--end-group
'Finished building target: AddSubtractFull.elf'
' '
'Invoking: ARM v7 Print Size'
arm-none-eabi-size AddSubtractFull.elf  |tee "AddSubtractFull.elf.size"
   text	   data	    bss	    dec	    hex	filename
  72196	   2580	  23328	  98104	  17f38	AddSubtractFull.elf
'Finished building: AddSubtractFull.elf.size'
' '
18:28:32 **** Auto Build of configuration Debug for project AddSubtractFull ****
make pre-build main-build 
a9-linaro-pre-build-step
' '
'Building file: ../src/AddSubtractFull.c'
'Invoking: ARM v7 gcc compiler'
arm-none-eabi-gcc -Wall -O0 -g3 -c -fmessage-length=0 -MT"src/AddSubtractFull.o" -mcpu=cortex-a9 -mfpu=vfpv3 -mfloat-abi=hard -I../../Lab_1_bsp/ps7_cortexa9_0/include -MMD -MP -MF"src/AddSubtractFull.d" -MT"src/AddSubtractFull.o" -o "src/AddSubtractFull.o" "../src/AddSubtractFull.c"
'Finished building: ../src/AddSubtractFull.c'
' '
'Building target: AddSubtractFull.elf'
'Invoking: ARM v7 gcc linker'
arm-none-eabi-gcc -mcpu=cortex-a9 -mfpu=vfpv3 -mfloat-abi=hard -Wl,-build-id=none -specs=Xilinx.spec -Wl,-T -Wl,../src/lscript.ld -L../../Lab_1_bsp/ps7_cortexa9_0/lib -o "AddSubtractFull.elf"  ./src/AddSubtractFull.o   -Wl,--start-group,-lxil,-lgcc,-lc,--end-group
'Finished building target: AddSubtractFull.elf'
' '
'Invoking: ARM v7 Print Size'
arm-none-eabi-size AddSubtractFull.elf  |tee "AddSubtractFull.elf.size"
   text	   data	    bss	    dec	    hex	filename
  72228	   2580	  23328	  98136	  17f58	AddSubtractFull.elf
'Finished building: AddSubtractFull.elf.size'
' '
18:28:54 **** Incremental Build of configuration Debug for project AddSubtractFull ****
make pre-build main-build 
a9-linaro-pre-build-step
' '
make: Nothing to be done for 'main-build'.
18:30:11 **** Auto Build of configuration Debug for project AddSubtractFull ****
make pre-build main-build 
a9-linaro-pre-build-step
' '
'Building file: ../src/AddSubtractFull.c'
'Invoking: ARM v7 gcc compiler'
arm-none-eabi-gcc -Wall -O0 -g3 -c -fmessage-length=0 -MT"src/AddSubtractFull.o" -mcpu=cortex-a9 -mfpu=vfpv3 -mfloat-abi=hard -I../../Lab_1_bsp/ps7_cortexa9_0/include -MMD -MP -MF"src/AddSubtractFull.d" -MT"src/AddSubtractFull.o" -o "src/AddSubtractFull.o" "../src/AddSubtractFull.c"
'Finished building: ../src/AddSubtractFull.c'
' '
'Building target: AddSubtractFull.elf'
'Invoking: ARM v7 gcc linker'
arm-none-eabi-gcc -mcpu=cortex-a9 -mfpu=vfpv3 -mfloat-abi=hard -Wl,-build-id=none -specs=Xilinx.spec -Wl,-T -Wl,../src/lscript.ld -L../../Lab_1_bsp/ps7_cortexa9_0/lib -o "AddSubtractFull.elf"  ./src/AddSubtractFull.o   -Wl,--start-group,-lxil,-lgcc,-lc,--end-group
'Finished building target: AddSubtractFull.elf'
' '
'Invoking: ARM v7 Print Size'
arm-none-eabi-size AddSubtractFull.elf  |tee "AddSubtractFull.elf.size"
   text	   data	    bss	    dec	    hex	filename
  72228	   2580	  23328	  98136	  17f58	AddSubtractFull.elf
'Finished building: AddSubtractFull.elf.size'
' '
18:30:20 **** Incremental Build of configuration Debug for project AddSubtractFull ****
make pre-build main-build 
a9-linaro-pre-build-step
' '
make: Nothing to be done for 'main-build'.
